{"tool":"pest","result":"failed","tests":63,"passed":54,"assertions":188,"duration_ms":6402,"failed":9,"failures":[{"test":"P\\Tests\\Feature\\LoanManagementTest::__pest_evaluable_it_can_approve_a_loan","file":"\\Users\\atabr\\Documents\\apps\\akuntansi-koperasi\\vendor\\laravel\\framework\\src\\Illuminate\\Testing\\TestResponseAssert.php","line":45,"message":"Expected response status code [200] but received 500.\nFailed asserting that 500 is identical to 200.\r\n\r\nThe following exception occurred during the last request:\n\nInvalidArgumentException: Kode Akun (COA) '1310' tidak ditemukan. in C:\\Users\\atabr\\Documents\\apps\\akuntansi-koperasi\\app\\Services\\AccountingService.php:39\nStack trace:\n#0 C:\\Users\\atabr\\Documents\\apps\\akuntansi-koperasi\\vendor\\laravel\\framework\\src\\Illuminate\\Database\\Concerns\\ManagesTransactions.php(35): App\\Services\\AccountingService->{closure:App\\Services\\AccountingService::createEntry():22}(Object(Illuminate\\Database\\SQLiteConnection))\n#1 C:\\Users\\atabr\\Documents\\apps\\akuntansi-koperasi\\vendor\\laravel\\framework\\src\\Illuminate\\Database\\DatabaseManager.php(496): Illuminate\\Database\\Connection->transaction(Object(Closure))\n#2 C:\\Users\\atabr\\Documents\\apps\\akuntansi-koperasi\\vendor\\laravel\\framework\\src\\Illuminate\\Support\\Facades\\Facade.php(363): Illuminate\\Database\\DatabaseManager->__call('transaction', Array)\n#3 C:\\Users\\atabr\\Documents\\apps\\akuntansi-koperasi\\app\\Services\\AccountingService.php(22): Illuminate\\Support\\Facades\\Facade::__callStatic('transaction', Array)\n#4 C:\\Users\\atabr\\Documents\\apps\\akuntansi-koperasi\\app\\Services\\CashLedgerService.php(121): App\\Services\\AccountingService->createEntry('2026-04-23', 'Pencairan pinja..', Array, Object(App\\Models\\CashTransaction))\n#5 C:\\Users\\atabr\\Documents\\apps\\akuntansi-koperasi\\app\\Services\\CashLedgerService.php(55): App\\Services\\CashLedgerService->generateJournal(Object(App\\Models\\CashTransaction), Object(App\\Models\\CashAccount), Object(App\\Models\\Loan))\n#6 C:\\Users\\atabr\\Documents\\apps\\akuntansi-koperasi\\vendor\\laravel\\framework\\src\\Illuminate\\Database\\Concerns\\ManagesTransactions.php(35): App\\Services\\CashLedgerService->{closure:App\\Services\\CashLedgerService::record():30}(Object(Illuminate\\Database\\SQLiteConnection))\n#7 C:\\Users\\atabr\\Documents\\apps\\akuntansi-koperasi\\vendor\\laravel\\framework\\src\\Illuminate\\Database\\DatabaseManager.php(496): Illuminate\\Database\\Connection->transaction(Object(Closure))\n#8 C:\\Users\\atabr\\Documents\\apps\\akuntansi-koperasi\\vendor\\laravel\\framework\\src\\Illuminate\\Support\\Facades\\Facade.php(363): Illuminate\\Database\\DatabaseManager->__call('transaction', Array)\n#9 C:\\Users\\atabr\\Documents\\apps\\akuntansi-koperasi\\app\\Services\\CashLedgerService.php(30): Illuminate\\Support\\Facades\\Facade::__callStatic('transaction', Array)\n#10 C:\\Users\\atabr\\Documents\\apps\\akuntansi-koperasi\\app\\Http\\Controllers\\LoanController.php(147): App\\Services\\CashLedgerService->record(1, 1000000.0, 'expense', 'pencairan', 'Pencairan pinja..', Object(App\\Models\\Loan), '2026-04-23')\n#11 C:\\Users\\atabr\\Documents\\apps\\akuntansi-koperasi\\vendor\\laravel\\framework\\src\\Illuminate\\Routing\\ControllerDispatcher.php(46): App\\Http\\Controllers\\LoanController->updateStatus(Object(Illuminate\\Http\\Request), Object(App\\Models\\Loan))\n#12 C:\\Users\\atabr\\Documents\\apps\\akuntansi-koperasi\\vendor\\laravel\\framework\\src\\Illuminate\\Routing\\Route.php(269): Illuminate\\Routing\\ControllerDispatcher->dispatch(Object(Illuminate\\Routing\\Route), Object(App\\Http\\Controllers\\LoanController), 'updateStatus')\n#13 C:\\Users\\atabr\\Documents\\apps\\akuntansi-koperasi\\vendor\\laravel\\framework\\src\\Illuminate\\Routing\\Route.php(215): Illuminate\\Routing\\Route->runController()\n#14 C:\\Users\\atabr\\Documents\\apps\\akuntansi-koperasi\\vendor\\laravel\\framework\\src\\Illuminate\\Routing\\Router.php(822): Illuminate\\Routing\\Route->run()\n#15 C:\\Users\\atabr\\Documents\\apps\\akuntansi-koperasi\\vendor\\laravel\\framework\\src\\Illuminate\\Pipeline\\Pipeline.php(180): Illuminate\\Routing\\Router->{closure:Illuminate\\Routing\\Router::runRouteWithinStack():821}(Object(Illuminate\\Http\\Request))\n#16 C:\\Users\\atabr\\Documents\\apps\\akuntansi-koperasi\\app\\Http\\Middleware\\AdminMiddleware.php(17): Illuminate\\Pipeline\\Pipeline->{closure:Illuminate\\Pipeline\\Pipeline::prepareDestination():178}(Object(Illuminate\\Http\\Request))\n#17 C:\\Users\\atabr\\Documents\\apps\\akuntansi-koperasi\\vendor\\laravel\\framework\\src\\Illuminate\\Pipeline\\Pipeline.php(219): App\\Http\\Middleware\\AdminMiddleware->handle(Object(Illuminate\\Http\\Request), Object(Closure))\n#18 C:\\Users\\atabr\\Documents\\apps\\akuntansi-koperasi\\vendor\\laravel\\framework\\src\\Illuminate\\Routing\\Middleware\\SubstituteBindings.php(52): Illuminate\\Pipeline\\Pipeline->{closure:{closure:Illuminate\\Pipeline\\Pipeline::carry():194}:195}(Object(Illuminate\\Http\\Request))\n#19 C:\\Users\\atabr\\Documents\\apps\\akuntansi-koperasi\\vendor\\laravel\\framework\\src\\Illuminate\\Pipeline\\Pipeline.php(219): Illuminate\\Routing\\Middleware\\SubstituteBindings->handle(Object(Illuminate\\Http\\Request), Object(Closure))\n#20 C:\\Users\\atabr\\Documents\\apps\\akuntansi-koperasi\\vendor\\laravel\\framework\\src\\Illuminate\\Auth\\Middleware\\Authenticate.php(63): Illuminate\\Pipeline\\Pipeline->{closure:{closure:Illuminate\\Pipeline\\Pipeline::carry():194}:195}(Object(Illuminate\\Http\\Request))\n#21 C:\\Users\\atabr\\Documents\\apps\\akuntansi-koperasi\\vendor\\laravel\\framework\\src\\Illuminate\\Pipeline\\Pipeline.php(219): Illuminate\\Auth\\Middleware\\Authenticate->handle(Object(Illuminate\\Http\\Request), Object(Closure), 'sanctum')\n#22 C:\\Users\\atabr\\Documents\\apps\\akuntansi-koperasi\\vendor\\laravel\\framework\\src\\Illuminate\\Pipeline\\Pipeline.php(137): Illuminate\\Pipeline\\Pipeline->{closure:{closure:Illuminate\\Pipeline\\Pipeline::carry():194}:195}(Object(Illuminate\\Http\\Request))\n#23 C:\\Users\\atabr\\Documents\\apps\\akuntansi-koperasi\\vendor\\laravel\\framework\\src\\Illuminate\\Routing\\Router.php(821): Illuminate\\Pipeline\\Pipeline->then(Object(Closure))\n#24 C:\\Users\\atabr\\Documents\\apps\\akuntansi-koperasi\\vendor\\laravel\\framework\\src\\Illuminate\\Routing\\Router.php(800): Illuminate\\Routing\\Router->runRouteWithinStack(Object(Illuminate\\Routing\\Route), Object(Illuminate\\Http\\Request))\n#25 C:\\Users\\atabr\\Documents\\apps\\akuntansi-koperasi\\vendor\\laravel\\framework\\src\\Illuminate\\Routing\\Router.php(764): Illuminate\\Routing\\Router->runRoute(Object(Illuminate\\Http\\Request), Object(Illuminate\\Routing\\Route))\n#26 C:\\Users\\atabr\\Documents\\apps\\akuntansi-koperasi\\vendor\\laravel\\framework\\src\\Illuminate\\Routing\\Router.php(753): Illuminate\\Routing\\Router->dispatchToRoute(Object(Illuminate\\Http\\Request))\n#27 C:\\Users\\atabr\\Documents\\apps\\akuntansi-koperasi\\vendor\\laravel\\framework\\src\\Illuminate\\Foundation\\Http\\Kernel.php(200): Illuminate\\Routing\\Router->dispatch(Object(Illuminate\\Http\\Request))\n#28 C:\\Users\\atabr\\Documents\\apps\\akuntansi-koperasi\\vendor\\laravel\\framework\\src\\Illuminate\\Pipeline\\Pipeline.php(180): Illuminate\\Foundation\\Http\\Kernel->{closure:Illuminate\\Foundation\\Http\\Kernel::dispatchToRouter():197}(Object(Illuminate\\Http\\Request))\n#29 C:\\Users\\atabr\\Documents\\apps\\akuntansi-koperasi\\vendor\\inertiajs\\inertia-laravel\\src\\Middleware\\EnsureGetOnRedirect.php(19): Illuminate\\Pipeline\\Pipeline->{closure:Illuminate\\Pipeline\\Pipeline::prepareDestination():178}(Object(Illuminate\\Http\\Request))\n#30 C:\\Users\\atabr\\Documents\\apps\\akuntansi-koperasi\\vendor\\laravel\\framework\\src\\Illuminate\\Pipeline\\Pipeline.php(219): Inertia\\Middleware\\EnsureGetOnRedirect->handle(Object(Illuminate\\Http\\Request), Object(Closure))\n#31 C:\\Users\\atabr\\Documents\\apps\\akuntansi-koperasi\\vendor\\laravel\\framework\\src\\Illuminate\\Foundation\\Http\\Middleware\\TransformsRequest.php(21): Illuminate\\Pipeline\\Pipeline->{closure:{closure:Illuminate\\Pipeline\\Pipeline::carry():194}:195}(Object(Illuminate\\Http\\Request))\n#32 C:\\Users\\atabr\\Documents\\apps\\akuntansi-koperasi\\vendor\\laravel\\framework\\src\\Illuminate\\Foundation\\Http\\Middleware\\ConvertEmptyStringsToNull.php(31): Illuminate\\Foundation\\Http\\Middleware\\TransformsRequest->handle(Object(Illuminate\\Http\\Request), Object(Closure))\n#33 C:\\Users\\atabr\\Documents\\apps\\akuntansi-koperasi\\vendor\\laravel\\framework\\src\\Illuminate\\Pipeline\\Pipeline.php(219): Illuminate\\Foundation\\Http\\Middleware\\ConvertEmptyStringsToNull->handle(Object(Illuminate\\Http\\Request), Object(Closure))\n#34 C:\\Users\\atabr\\Documents\\apps\\akuntansi-koperasi\\vendor\\laravel\\framework\\src\\Illuminate\\Foundation\\Http\\Middleware\\TransformsRequest.php(21): Illuminate\\Pipeline\\Pipeline->{closure:{closure:Illuminate\\Pipeline\\Pipeline::carry():194}:195}(Object(Illuminate\\Http\\Request))\n#35 C:\\Users\\atabr\\Documents\\apps\\akuntansi-koperasi\\vendor\\laravel\\framework\\src\\Illuminate\\Foundation\\Http\\Middleware\\TrimStrings.php(51): Illuminate\\Foundation\\Http\\Middleware\\TransformsRequest->handle(Object(Illuminate\\Http\\Request), Object(Closure))\n#36 C:\\Users\\atabr\\Documents\\apps\\akuntansi-koperasi\\vendor\\laravel\\framework\\src\\Illuminate\\Pipeline\\Pipeline.php(219): Illuminate\\Foundation\\Http\\Middleware\\TrimStrings->handle(Object(Illuminate\\Http\\Request), Object(Closure))\n#37 C:\\Users\\atabr\\Documents\\apps\\akuntansi-koperasi\\vendor\\laravel\\framework\\src\\Illuminate\\Http\\Middleware\\ValidatePostSize.php(27): Illuminate\\Pipeline\\Pipeline->{closure:{closure:Illuminate\\Pipeline\\Pipeline::carry():194}:195}(Object(Illuminate\\Http\\Request))\n#38 C:\\Users\\atabr\\Documents\\apps\\akuntansi-koperasi\\vendor\\laravel\\framework\\src\\Illuminate\\Pipeline\\Pipeline.php(219): Illuminate\\Http\\Middleware\\ValidatePostSize->handle(Object(Illuminate\\Http\\Request), Object(Closure))\n#39 C:\\Users\\atabr\\Documents\\apps\\akuntansi-koperasi\\vendor\\laravel\\framework\\src\\Illuminate\\Foundation\\Http\\Middleware\\PreventRequestsDuringMaintenance.php(109): Illuminate\\Pipeline\\Pipeline->{closure:{closure:Illuminate\\Pipeline\\Pipeline::carry():194}:195}(Object(Illuminate\\Http\\Request))\n#40 C:\\Users\\atabr\\Documents\\apps\\akuntansi-koperasi\\vendor\\laravel\\framework\\src\\Illuminate\\Pipeline\\Pipeline.php(219): Illuminate\\Foundation\\Http\\Middleware\\PreventRequestsDuringMaintenance->handle(Object(Illuminate\\Http\\Request), Object(Closure))\n#41 C:\\Users\\atabr\\Documents\\apps\\akuntansi-koperasi\\vendor\\laravel\\framework\\src\\Illuminate\\Http\\Middleware\\HandleCors.php(74): Illuminate\\Pipeline\\Pipeline->{closure:{closure:Illuminate\\Pipeline\\Pipeline::carry():194}:195}(Object(Illuminate\\Http\\Request))\n#42 C:\\Users\\atabr\\Documents\\apps\\akuntansi-koperasi\\vendor\\laravel\\framework\\src\\Illuminate\\Pipeline\\Pipeline.php(219): Illuminate\\Http\\Middleware\\HandleCors->handle(Object(Illuminate\\Http\\Request), Object(Closure))\n#43 C:\\Users\\atabr\\Documents\\apps\\akuntansi-koperasi\\vendor\\laravel\\framework\\src\\Illuminate\\Http\\Middleware\\TrustProxies.php(58): Illuminate\\Pipeline\\Pipeline->{closure:{closure:Illuminate\\Pipeline\\Pipeline::carry():194}:195}(Object(Illuminate\\Http\\Request))\n#44 C:\\Users\\atabr\\Documents\\apps\\akuntansi-koperasi\\vendor\\laravel\\framework\\src\\Illuminate\\Pipeline\\Pipeline.php(219): Illuminate\\Http\\Middleware\\TrustProxies->handle(Object(Illuminate\\Http\\Request), Object(Closure))\n#45 C:\\Users\\atabr\\Documents\\apps\\akuntansi-koperasi\\vendor\\laravel\\framework\\src\\Illuminate\\Foundation\\Http\\Middleware\\InvokeDeferredCallbacks.php(22): Illuminate\\Pipeline\\Pipeline->{closure:{closure:Illuminate\\Pipeline\\Pipeline::carry():194}:195}(Object(Illuminate\\Http\\Request))\n#46 C:\\Users\\atabr\\Documents\\apps\\akuntansi-koperasi\\vendor\\laravel\\framework\\src\\Illuminate\\Pipeline\\Pipeline.php(219): Illuminate\\Foundation\\Http\\Middleware\\InvokeDeferredCallbacks->handle(Object(Illuminate\\Http\\Request), Object(Closure))\n#47 C:\\Users\\atabr\\Documents\\apps\\akuntansi-koperasi\\vendor\\laravel\\framework\\src\\Illuminate\\Http\\Middleware\\ValidatePathEncoding.php(28): Illuminate\\Pipeline\\Pipeline->{closure:{closure:Illuminate\\Pipeline\\Pipeline::carry():194}:195}(Object(Illuminate\\Http\\Request))\n#48 C:\\Users\\atabr\\Documents\\apps\\akuntansi-koperasi\\vendor\\laravel\\framework\\src\\Illuminate\\Pipeline\\Pipeline.php(219): Illuminate\\Http\\Middleware\\ValidatePathEncoding->handle(Object(Illuminate\\Http\\Request), Object(Closure))\n#49 C:\\Users\\atabr\\Documents\\apps\\akuntansi-koperasi\\vendor\\laravel\\framework\\src\\Illuminate\\Pipeline\\Pipeline.php(137): Illuminate\\Pipeline\\Pipeline->{closure:{closure:Illuminate\\Pipeline\\Pipeline::carry():194}:195}(Object(Illuminate\\Http\\Request))\n#50 C:\\Users\\atabr\\Documents\\apps\\akuntansi-koperasi\\vendor\\laravel\\framework\\src\\Illuminate\\Foundation\\Http\\Kernel.php(175): Illuminate\\Pipeline\\Pipeline->then(Object(Closure))\n#51 C:\\Users\\atabr\\Documents\\apps\\akuntansi-koperasi\\vendor\\laravel\\framework\\src\\Illuminate\\Foundation\\Http\\Kernel.php(144): Illuminate\\Foundation\\Http\\Kernel->sendRequestThroughRouter(Object(Illuminate\\Http\\Request))\n#52 C:\\Users\\atabr\\Documents\\apps\\akuntansi-koperasi\\vendor\\laravel\\framework\\src\\Illuminate\\Foundation\\Testing\\Concerns\\MakesHttpRequests.php(607): Illuminate\\Foundation\\Http\\Kernel->handle(Object(Illuminate\\Http\\Request))\n#53 C:\\Users\\atabr\\Documents\\apps\\akuntansi-koperasi\\vendor\\laravel\\framework\\src\\Illuminate\\Foundation\\Testing\\Concerns\\MakesHttpRequests.php(573): Illuminate\\Foundation\\Testing\\TestCase->call('PATCH', '/api/loans/1/st..', Array, Array, Array, Array, '{\"status\":\"acti..')\n#54 C:\\Users\\atabr\\Documents\\apps\\akuntansi-koperasi\\vendor\\laravel\\framework\\src\\Illuminate\\Foundation\\Testing\\Concerns\\MakesHttpRequests.php(471): Illuminate\\Foundation\\Testing\\TestCase->json('PATCH', '/api/loans/1/st..', Array, Array, 0)\n#55 C:\\Users\\atabr\\Documents\\apps\\akuntansi-koperasi\\tests\\Feature\\LoanManagementTest.php(44): Illuminate\\Foundation\\Testing\\TestCase->patchJson('/api/loans/1/st..', Array)\n#56 C:\\Users\\atabr\\Documents\\apps\\akuntansi-koperasi\\vendor\\pestphp\\pest\\src\\Factories\\TestCaseMethodFactory.php(177): P\\Tests\\Feature\\LoanManagementTest->{closure:C:\\Users\\atabr\\Documents\\apps\\akuntansi-koperasi\\tests\\Feature\\LoanManagementTest.php:33}()\n#57 [internal function]: P\\Tests\\Feature\\LoanManagementTest->{closure:Pest\\Factories\\TestCaseMethodFactory::getClosure():167}()\n#58 C:\\Users\\atabr\\Documents\\apps\\akuntansi-koperasi\\vendor\\pestphp\\pest\\src\\Concerns\\Testable.php(509): call_user_func_array(Object(Closure), Array)\n#59 C:\\Users\\atabr\\Documents\\apps\\akuntansi-koperasi\\vendor\\pestphp\\pest\\src\\Support\\ExceptionTrace.php(26): P\\Tests\\Feature\\LoanManagementTest->{closure:Pest\\Concerns\\Testable::__callClosure():509}()\n#60 C:\\Users\\atabr\\Documents\\apps\\akuntansi-koperasi\\vendor\\pestphp\\pest\\src\\Concerns\\Testable.php(509): Pest\\Support\\ExceptionTrace::ensure(Object(Closure))\n#61 C:\\Users\\atabr\\Documents\\apps\\akuntansi-koperasi\\vendor\\pestphp\\pest\\src\\Concerns\\Testable.php(336): P\\Tests\\Feature\\LoanManagementTest->__callClosure(Object(Closure), Array)\n#62 C:\\Users\\atabr\\Documents\\apps\\akuntansi-koperasi\\vendor\\pestphp\\pest\\src\\Factories\\TestCaseFactory.php(175) : eval()'d code(26): P\\Tests\\Feature\\LoanManagementTest->__runTest(Object(Closure))\n#63 C:\\Users\\atabr\\Documents\\apps\\akuntansi-koperasi\\vendor\\phpunit\\phpunit\\src\\Framework\\TestCase.php(1335): P\\Tests\\Feature\\LoanManagementTest->__pest_evaluable_it_can_approve_a_loan()\n#64 C:\\Users\\atabr\\Documents\\apps\\akuntansi-koperasi\\vendor\\phpunit\\phpunit\\src\\Framework\\TestCase.php(519): PHPUnit\\Framework\\TestCase->runTest()\n#65 C:\\Users\\atabr\\Documents\\apps\\akuntansi-koperasi\\vendor\\phpunit\\phpunit\\src\\Framework\\TestRunner\\TestRunner.php(99): PHPUnit\\Framework\\TestCase->runBare()\n#66 C:\\Users\\atabr\\Documents\\apps\\akuntansi-koperasi\\vendor\\phpunit\\phpunit\\src\\Framework\\TestCase.php(359): PHPUnit\\Framework\\TestRunner->run(Object(P\\Tests\\Feature\\LoanManagementTest))\n#67 C:\\Users\\atabr\\Documents\\apps\\akuntansi-koperasi\\vendor\\phpunit\\phpunit\\src\\Framework\\TestSuite.php(374): PHPUnit\\Framework\\TestCase->run()\n#68 C:\\Users\\atabr\\Documents\\apps\\akuntansi-koperasi\\vendor\\phpunit\\phpunit\\src\\Framework\\TestSuite.php(374): PHPUnit\\Framework\\TestSuite->run()\n#69 C:\\Users\\atabr\\Documents\\apps\\akuntansi-koperasi\\vendor\\phpunit\\phpunit\\src\\Framework\\TestSuite.php(374): PHPUnit\\Framework\\TestSuite->run()\n#70 C:\\Users\\atabr\\Documents\\apps\\akuntansi-koperasi\\vendor\\phpunit\\phpunit\\src\\TextUI\\TestRunner.php(64): PHPUnit\\Framework\\TestSuite->run()\n#71 C:\\Users\\atabr\\Documents\\apps\\akuntansi-koperasi\\vendor\\phpunit\\phpunit\\src\\TextUI\\Application.php(229): PHPUnit\\TextUI\\TestRunner->run(Object(PHPUnit\\TextUI\\Configuration\\Configuration), Object(PHPUnit\\Runner\\ResultCache\\DefaultResultCache), Object(PHPUnit\\Framework\\TestSuite))\n#72 C:\\Users\\atabr\\Documents\\apps\\akuntansi-koperasi\\vendor\\pestphp\\pest\\src\\Kernel.php(103): PHPUnit\\TextUI\\Application->run(Array)\n#73 C:\\Users\\atabr\\Documents\\apps\\akuntansi-koperasi\\vendor\\pestphp\\pest\\bin\\pest(195): Pest\\Kernel->handle(Array, Array)\n#74 C:\\Users\\atabr\\Documents\\apps\\akuntansi-koperasi\\vendor\\pestphp\\pest\\bin\\pest(203): {closure:C:\\Users\\atabr\\Documents\\apps\\akuntansi-koperasi\\vendor\\pestphp\\pest\\bin\\pest:19}()\n#75 {main}\n\n----------------------------------------------------------------------------------\n\nKode Akun (COA) '1310' tidak ditemukan."},{"test":"P\\Tests\\Feature\\LoanManagementTest::__pest_evaluable_it_can_pay_loan_installments_and_mark_as_paid_off","file":"\\Users\\atabr\\Documents\\apps\\akuntansi-koperasi\\vendor\\laravel\\framework\\src\\Illuminate\\Testing\\TestResponseAssert.php","line":45,"message":"Expected response status code [201] but received 500.\nFailed asserting that 500 is identical to 201.\r\n\r\nThe following exception occurred during the last request:\n\nInvalidArgumentException: Kode Akun (COA) '1110' tidak ditemukan. in C:\\Users\\atabr\\Documents\\apps\\akuntansi-koperasi\\app\\Services\\AccountingService.php:39\nStack trace:\n#0 C:\\Users\\atabr\\Documents\\apps\\akuntansi-koperasi\\vendor\\laravel\\framework\\src\\Illuminate\\Database\\Concerns\\ManagesTransactions.php(35): App\\Services\\AccountingService->{closure:App\\Services\\AccountingService::createEntry():22}(Object(Illuminate\\Database\\SQLiteConnection))\n#1 C:\\Users\\atabr\\Documents\\apps\\akuntansi-koperasi\\vendor\\laravel\\framework\\src\\Illuminate\\Database\\DatabaseManager.php(496): Illuminate\\Database\\Connection->transaction(Object(Closure))\n#2 C:\\Users\\atabr\\Documents\\apps\\akuntansi-koperasi\\vendor\\laravel\\framework\\src\\Illuminate\\Support\\Facades\\Facade.php(363): Illuminate\\Database\\DatabaseManager->__call('transaction', Array)\n#3 C:\\Users\\atabr\\Documents\\apps\\akuntansi-koperasi\\app\\Services\\AccountingService.php(22): Illuminate\\Support\\Facades\\Facade::__callStatic('transaction', Array)\n#4 C:\\Users\\atabr\\Documents\\apps\\akuntansi-koperasi\\app\\Services\\CashLedgerService.php(121): App\\Services\\AccountingService->createEntry('2026-04-23', 'Pembayaran angs..', Array, Object(App\\Models\\CashTransaction))\n#5 C:\\Users\\atabr\\Documents\\apps\\akuntansi-koperasi\\app\\Services\\CashLedgerService.php(55): App\\Services\\CashLedgerService->generateJournal(Object(App\\Models\\CashTransaction), Object(App\\Models\\CashAccount), Object(App\\Models\\LoanRepayment))\n#6 C:\\Users\\atabr\\Documents\\apps\\akuntansi-koperasi\\vendor\\laravel\\framework\\src\\Illuminate\\Database\\Concerns\\ManagesTransactions.php(35): App\\Services\\CashLedgerService->{closure:App\\Services\\CashLedgerService::record():30}(Object(Illuminate\\Database\\SQLiteConnection))\n#7 C:\\Users\\atabr\\Documents\\apps\\akuntansi-koperasi\\vendor\\laravel\\framework\\src\\Illuminate\\Database\\DatabaseManager.php(496): Illuminate\\Database\\Connection->transaction(Object(Closure))\n#8 C:\\Users\\atabr\\Documents\\apps\\akuntansi-koperasi\\vendor\\laravel\\framework\\src\\Illuminate\\Support\\Facades\\Facade.php(363): Illuminate\\Database\\DatabaseManager->__call('transaction', Array)\n#9 C:\\Users\\atabr\\Documents\\apps\\akuntansi-koperasi\\app\\Services\\CashLedgerService.php(30): Illuminate\\Support\\Facades\\Facade::__callStatic('transaction', Array)\n#10 C:\\Users\\atabr\\Documents\\apps\\akuntansi-koperasi\\app\\Http\\Controllers\\LoanController.php(283): App\\Services\\CashLedgerService->record(1, 1000000.0, 'income', 'angsuran', 'Pembayaran angs..', Object(App\\Models\\LoanRepayment), '2026-04-23')\n#11 C:\\Users\\atabr\\Documents\\apps\\akuntansi-koperasi\\vendor\\laravel\\framework\\src\\Illuminate\\Routing\\ControllerDispatcher.php(46): App\\Http\\Controllers\\LoanController->repay(Object(Illuminate\\Http\\Request), Object(App\\Models\\Loan))\n#12 C:\\Users\\atabr\\Documents\\apps\\akuntansi-koperasi\\vendor\\laravel\\framework\\src\\Illuminate\\Routing\\Route.php(269): Illuminate\\Routing\\ControllerDispatcher->dispatch(Object(Illuminate\\Routing\\Route), Object(App\\Http\\Controllers\\LoanController), 'repay')\n#13 C:\\Users\\atabr\\Documents\\apps\\akuntansi-koperasi\\vendor\\laravel\\framework\\src\\Illuminate\\Routing\\Route.php(215): Illuminate\\Routing\\Route->runController()\n#14 C:\\Users\\atabr\\Documents\\apps\\akuntansi-koperasi\\vendor\\laravel\\framework\\src\\Illuminate\\Routing\\Router.php(822): Illuminate\\Routing\\Route->run()\n#15 C:\\Users\\atabr\\Documents\\apps\\akuntansi-koperasi\\vendor\\laravel\\framework\\src\\Illuminate\\Pipeline\\Pipeline.php(180): Illuminate\\Routing\\Router->{closure:Illuminate\\Routing\\Router::runRouteWithinStack():821}(Object(Illuminate\\Http\\Request))\n#16 C:\\Users\\atabr\\Documents\\apps\\akuntansi-koperasi\\app\\Http\\Middleware\\AdminMiddleware.php(17): Illuminate\\Pipeline\\Pipeline->{closure:Illuminate\\Pipeline\\Pipeline::prepareDestination():178}(Object(Illuminate\\Http\\Request))\n#17 C:\\Users\\atabr\\Documents\\apps\\akuntansi-koperasi\\vendor\\laravel\\framework\\src\\Illuminate\\Pipeline\\Pipeline.php(219): App\\Http\\Middleware\\AdminMiddleware->handle(Object(Illuminate\\Http\\Request), Object(Closure))\n#18 C:\\Users\\atabr\\Documents\\apps\\akuntansi-koperasi\\vendor\\laravel\\framework\\src\\Illuminate\\Routing\\Middleware\\SubstituteBindings.php(52): Illuminate\\Pipeline\\Pipeline->{closure:{closure:Illuminate\\Pipeline\\Pipeline::carry():194}:195}(Object(Illuminate\\Http\\Request))\n#19 C:\\Users\\atabr\\Documents\\apps\\akuntansi-koperasi\\vendor\\laravel\\framework\\src\\Illuminate\\Pipeline\\Pipeline.php(219): Illuminate\\Routing\\Middleware\\SubstituteBindings->handle(Object(Illuminate\\Http\\Request), Object(Closure))\n#20 C:\\Users\\atabr\\Documents\\apps\\akuntansi-koperasi\\vendor\\laravel\\framework\\src\\Illuminate\\Auth\\Middleware\\Authenticate.php(63): Illuminate\\Pipeline\\Pipeline->{closure:{closure:Illuminate\\Pipeline\\Pipeline::carry():194}:195}(Object(Illuminate\\Http\\Request))\n#21 C:\\Users\\atabr\\Documents\\apps\\akuntansi-koperasi\\vendor\\laravel\\framework\\src\\Illuminate\\Pipeline\\Pipeline.php(219): Illuminate\\Auth\\Middleware\\Authenticate->handle(Object(Illuminate\\Http\\Request), Object(Closure), 'sanctum')\n#22 C:\\Users\\atabr\\Documents\\apps\\akuntansi-koperasi\\vendor\\laravel\\framework\\src\\Illuminate\\Pipeline\\Pipeline.php(137): Illuminate\\Pipeline\\Pipeline->{closure:{closure:Illuminate\\Pipeline\\Pipeline::carry():194}:195}(Object(Illuminate\\Http\\Request))\n#23 C:\\Users\\atabr\\Documents\\apps\\akuntansi-koperasi\\vendor\\laravel\\framework\\src\\Illuminate\\Routing\\Router.php(821): Illuminate\\Pipeline\\Pipeline->then(Object(Closure))\n#24 C:\\Users\\atabr\\Documents\\apps\\akuntansi-koperasi\\vendor\\laravel\\framework\\src\\Illuminate\\Routing\\Router.php(800): Illuminate\\Routing\\Router->runRouteWithinStack(Object(Illuminate\\Routing\\Route), Object(Illuminate\\Http\\Request))\n#25 C:\\Users\\atabr\\Documents\\apps\\akuntansi-koperasi\\vendor\\laravel\\framework\\src\\Illuminate\\Routing\\Router.php(764): Illuminate\\Routing\\Router->runRoute(Object(Illuminate\\Http\\Request), Object(Illuminate\\Routing\\Route))\n#26 C:\\Users\\atabr\\Documents\\apps\\akuntansi-koperasi\\vendor\\laravel\\framework\\src\\Illuminate\\Routing\\Router.php(753): Illuminate\\Routing\\Router->dispatchToRoute(Object(Illuminate\\Http\\Request))\n#27 C:\\Users\\atabr\\Documents\\apps\\akuntansi-koperasi\\vendor\\laravel\\framework\\src\\Illuminate\\Foundation\\Http\\Kernel.php(200): Illuminate\\Routing\\Router->dispatch(Object(Illuminate\\Http\\Request))\n#28 C:\\Users\\atabr\\Documents\\apps\\akuntansi-koperasi\\vendor\\laravel\\framework\\src\\Illuminate\\Pipeline\\Pipeline.php(180): Illuminate\\Foundation\\Http\\Kernel->{closure:Illuminate\\Foundation\\Http\\Kernel::dispatchToRouter():197}(Object(Illuminate\\Http\\Request))\n#29 C:\\Users\\atabr\\Documents\\apps\\akuntansi-koperasi\\vendor\\inertiajs\\inertia-laravel\\src\\Middleware\\EnsureGetOnRedirect.php(19): Illuminate\\Pipeline\\Pipeline->{closure:Illuminate\\Pipeline\\Pipeline::prepareDestination():178}(Object(Illuminate\\Http\\Request))\n#30 C:\\Users\\atabr\\Documents\\apps\\akuntansi-koperasi\\vendor\\laravel\\framework\\src\\Illuminate\\Pipeline\\Pipeline.php(219): Inertia\\Middleware\\EnsureGetOnRedirect->handle(Object(Illuminate\\Http\\Request), Object(Closure))\n#31 C:\\Users\\atabr\\Documents\\apps\\akuntansi-koperasi\\vendor\\laravel\\framework\\src\\Illuminate\\Foundation\\Http\\Middleware\\TransformsRequest.php(21): Illuminate\\Pipeline\\Pipeline->{closure:{closure:Illuminate\\Pipeline\\Pipeline::carry():194}:195}(Object(Illuminate\\Http\\Request))\n#32 C:\\Users\\atabr\\Documents\\apps\\akuntansi-koperasi\\vendor\\laravel\\framework\\src\\Illuminate\\Foundation\\Http\\Middleware\\ConvertEmptyStringsToNull.php(31): Illuminate\\Foundation\\Http\\Middleware\\TransformsRequest->handle(Object(Illuminate\\Http\\Request), Object(Closure))\n#33 C:\\Users\\atabr\\Documents\\apps\\akuntansi-koperasi\\vendor\\laravel\\framework\\src\\Illuminate\\Pipeline\\Pipeline.php(219): Illuminate\\Foundation\\Http\\Middleware\\ConvertEmptyStringsToNull->handle(Object(Illuminate\\Http\\Request), Object(Closure))\n#34 C:\\Users\\atabr\\Documents\\apps\\akuntansi-koperasi\\vendor\\laravel\\framework\\src\\Illuminate\\Foundation\\Http\\Middleware\\TransformsRequest.php(21): Illuminate\\Pipeline\\Pipeline->{closure:{closure:Illuminate\\Pipeline\\Pipeline::carry():194}:195}(Object(Illuminate\\Http\\Request))\n#35 C:\\Users\\atabr\\Documents\\apps\\akuntansi-koperasi\\vendor\\laravel\\framework\\src\\Illuminate\\Foundation\\Http\\Middleware\\TrimStrings.php(51): Illuminate\\Foundation\\Http\\Middleware\\TransformsRequest->handle(Object(Illuminate\\Http\\Request), Object(Closure))\n#36 C:\\Users\\atabr\\Documents\\apps\\akuntansi-koperasi\\vendor\\laravel\\framework\\src\\Illuminate\\Pipeline\\Pipeline.php(219): Illuminate\\Foundation\\Http\\Middleware\\TrimStrings->handle(Object(Illuminate\\Http\\Request), Object(Closure))\n#37 C:\\Users\\atabr\\Documents\\apps\\akuntansi-koperasi\\vendor\\laravel\\framework\\src\\Illuminate\\Http\\Middleware\\ValidatePostSize.php(27): Illuminate\\Pipeline\\Pipeline->{closure:{closure:Illuminate\\Pipeline\\Pipeline::carry():194}:195}(Object(Illuminate\\Http\\Request))\n#38 C:\\Users\\atabr\\Documents\\apps\\akuntansi-koperasi\\vendor\\laravel\\framework\\src\\Illuminate\\Pipeline\\Pipeline.php(219): Illuminate\\Http\\Middleware\\ValidatePostSize->handle(Object(Illuminate\\Http\\Request), Object(Closure))\n#39 C:\\Users\\atabr\\Documents\\apps\\akuntansi-koperasi\\vendor\\laravel\\framework\\src\\Illuminate\\Foundation\\Http\\Middleware\\PreventRequestsDuringMaintenance.php(109): Illuminate\\Pipeline\\Pipeline->{closure:{closure:Illuminate\\Pipeline\\Pipeline::carry():194}:195}(Object(Illuminate\\Http\\Request))\n#40 C:\\Users\\atabr\\Documents\\apps\\akuntansi-koperasi\\vendor\\laravel\\framework\\src\\Illuminate\\Pipeline\\Pipeline.php(219): Illuminate\\Foundation\\Http\\Middleware\\PreventRequestsDuringMaintenance->handle(Object(Illuminate\\Http\\Request), Object(Closure))\n#41 C:\\Users\\atabr\\Documents\\apps\\akuntansi-koperasi\\vendor\\laravel\\framework\\src\\Illuminate\\Http\\Middleware\\HandleCors.php(74): Illuminate\\Pipeline\\Pipeline->{closure:{closure:Illuminate\\Pipeline\\Pipeline::carry():194}:195}(Object(Illuminate\\Http\\Request))\n#42 C:\\Users\\atabr\\Documents\\apps\\akuntansi-koperasi\\vendor\\laravel\\framework\\src\\Illuminate\\Pipeline\\Pipeline.php(219): Illuminate\\Http\\Middleware\\HandleCors->handle(Object(Illuminate\\Http\\Request), Object(Closure))\n#43 C:\\Users\\atabr\\Documents\\apps\\akuntansi-koperasi\\vendor\\laravel\\framework\\src\\Illuminate\\Http\\Middleware\\TrustProxies.php(58): Illuminate\\Pipeline\\Pipeline->{closure:{closure:Illuminate\\Pipeline\\Pipeline::carry():194}:195}(Object(Illuminate\\Http\\Request))\n#44 C:\\Users\\atabr\\Documents\\apps\\akuntansi-koperasi\\vendor\\laravel\\framework\\src\\Illuminate\\Pipeline\\Pipeline.php(219): Illuminate\\Http\\Middleware\\TrustProxies->handle(Object(Illuminate\\Http\\Request), Object(Closure))\n#45 C:\\Users\\atabr\\Documents\\apps\\akuntansi-koperasi\\vendor\\laravel\\framework\\src\\Illuminate\\Foundation\\Http\\Middleware\\InvokeDeferredCallbacks.php(22): Illuminate\\Pipeline\\Pipeline->{closure:{closure:Illuminate\\Pipeline\\Pipeline::carry():194}:195}(Object(Illuminate\\Http\\Request))\n#46 C:\\Users\\atabr\\Documents\\apps\\akuntansi-koperasi\\vendor\\laravel\\framework\\src\\Illuminate\\Pipeline\\Pipeline.php(219): Illuminate\\Foundation\\Http\\Middleware\\InvokeDeferredCallbacks->handle(Object(Illuminate\\Http\\Request), Object(Closure))\n#47 C:\\Users\\atabr\\Documents\\apps\\akuntansi-koperasi\\vendor\\laravel\\framework\\src\\Illuminate\\Http\\Middleware\\ValidatePathEncoding.php(28): Illuminate\\Pipeline\\Pipeline->{closure:{closure:Illuminate\\Pipeline\\Pipeline::carry():194}:195}(Object(Illuminate\\Http\\Request))\n#48 C:\\Users\\atabr\\Documents\\apps\\akuntansi-koperasi\\vendor\\laravel\\framework\\src\\Illuminate\\Pipeline\\Pipeline.php(219): Illuminate\\Http\\Middleware\\ValidatePathEncoding->handle(Object(Illuminate\\Http\\Request), Object(Closure))\n#49 C:\\Users\\atabr\\Documents\\apps\\akuntansi-koperasi\\vendor\\laravel\\framework\\src\\Illuminate\\Pipeline\\Pipeline.php(137): Illuminate\\Pipeline\\Pipeline->{closure:{closure:Illuminate\\Pipeline\\Pipeline::carry():194}:195}(Object(Illuminate\\Http\\Request))\n#50 C:\\Users\\atabr\\Documents\\apps\\akuntansi-koperasi\\vendor\\laravel\\framework\\src\\Illuminate\\Foundation\\Http\\Kernel.php(175): Illuminate\\Pipeline\\Pipeline->then(Object(Closure))\n#51 C:\\Users\\atabr\\Documents\\apps\\akuntansi-koperasi\\vendor\\laravel\\framework\\src\\Illuminate\\Foundation\\Http\\Kernel.php(144): Illuminate\\Foundation\\Http\\Kernel->sendRequestThroughRouter(Object(Illuminate\\Http\\Request))\n#52 C:\\Users\\atabr\\Documents\\apps\\akuntansi-koperasi\\vendor\\laravel\\framework\\src\\Illuminate\\Foundation\\Testing\\Concerns\\MakesHttpRequests.php(607): Illuminate\\Foundation\\Http\\Kernel->handle(Object(Illuminate\\Http\\Request))\n#53 C:\\Users\\atabr\\Documents\\apps\\akuntansi-koperasi\\vendor\\laravel\\framework\\src\\Illuminate\\Foundation\\Testing\\Concerns\\MakesHttpRequests.php(573): Illuminate\\Foundation\\Testing\\TestCase->call('POST', '/api/loans/1/re..', Array, Array, Array, Array, '{\"amount\":10000..')\n#54 C:\\Users\\atabr\\Documents\\apps\\akuntansi-koperasi\\vendor\\laravel\\framework\\src\\Illuminate\\Foundation\\Testing\\Concerns\\MakesHttpRequests.php(411): Illuminate\\Foundation\\Testing\\TestCase->json('POST', '/api/loans/1/re..', Array, Array, 0)\n#55 C:\\Users\\atabr\\Documents\\apps\\akuntansi-koperasi\\tests\\Feature\\LoanManagementTest.php(67): Illuminate\\Foundation\\Testing\\TestCase->postJson('/api/loans/1/re..', Array)\n#56 C:\\Users\\atabr\\Documents\\apps\\akuntansi-koperasi\\vendor\\pestphp\\pest\\src\\Factories\\TestCaseMethodFactory.php(177): P\\Tests\\Feature\\LoanManagementTest->{closure:C:\\Users\\atabr\\Documents\\apps\\akuntansi-koperasi\\tests\\Feature\\LoanManagementTest.php:55}()\n#57 [internal function]: P\\Tests\\Feature\\LoanManagementTest->{closure:Pest\\Factories\\TestCaseMethodFactory::getClosure():167}()\n#58 C:\\Users\\atabr\\Documents\\apps\\akuntansi-koperasi\\vendor\\pestphp\\pest\\src\\Concerns\\Testable.php(509): call_user_func_array(Object(Closure), Array)\n#59 C:\\Users\\atabr\\Documents\\apps\\akuntansi-koperasi\\vendor\\pestphp\\pest\\src\\Support\\ExceptionTrace.php(26): P\\Tests\\Feature\\LoanManagementTest->{closure:Pest\\Concerns\\Testable::__callClosure():509}()\n#60 C:\\Users\\atabr\\Documents\\apps\\akuntansi-koperasi\\vendor\\pestphp\\pest\\src\\Concerns\\Testable.php(509): Pest\\Support\\ExceptionTrace::ensure(Object(Closure))\n#61 C:\\Users\\atabr\\Documents\\apps\\akuntansi-koperasi\\vendor\\pestphp\\pest\\src\\Concerns\\Testable.php(336): P\\Tests\\Feature\\LoanManagementTest->__callClosure(Object(Closure), Array)\n#62 C:\\Users\\atabr\\Documents\\apps\\akuntansi-koperasi\\vendor\\pestphp\\pest\\src\\Factories\\TestCaseFactory.php(175) : eval()'d code(35): P\\Tests\\Feature\\LoanManagementTest->__runTest(Object(Closure))\n#63 C:\\Users\\atabr\\Documents\\apps\\akuntansi-koperasi\\vendor\\phpunit\\phpunit\\src\\Framework\\TestCase.php(1335): P\\Tests\\Feature\\LoanManagementTest->__pest_evaluable_it_can_pay_loan_installments_and_mark_as_paid_off()\n#64 C:\\Users\\atabr\\Documents\\apps\\akuntansi-koperasi\\vendor\\phpunit\\phpunit\\src\\Framework\\TestCase.php(519): PHPUnit\\Framework\\TestCase->runTest()\n#65 C:\\Users\\atabr\\Documents\\apps\\akuntansi-koperasi\\vendor\\phpunit\\phpunit\\src\\Framework\\TestRunner\\TestRunner.php(99): PHPUnit\\Framework\\TestCase->runBare()\n#66 C:\\Users\\atabr\\Documents\\apps\\akuntansi-koperasi\\vendor\\phpunit\\phpunit\\src\\Framework\\TestCase.php(359): PHPUnit\\Framework\\TestRunner->run(Object(P\\Tests\\Feature\\LoanManagementTest))\n#67 C:\\Users\\atabr\\Documents\\apps\\akuntansi-koperasi\\vendor\\phpunit\\phpunit\\src\\Framework\\TestSuite.php(374): PHPUnit\\Framework\\TestCase->run()\n#68 C:\\Users\\atabr\\Documents\\apps\\akuntansi-koperasi\\vendor\\phpunit\\phpunit\\src\\Framework\\TestSuite.php(374): PHPUnit\\Framework\\TestSuite->run()\n#69 C:\\Users\\atabr\\Documents\\apps\\akuntansi-koperasi\\vendor\\phpunit\\phpunit\\src\\Framework\\TestSuite.php(374): PHPUnit\\Framework\\TestSuite->run()\n#70 C:\\Users\\atabr\\Documents\\apps\\akuntansi-koperasi\\vendor\\phpunit\\phpunit\\src\\TextUI\\TestRunner.php(64): PHPUnit\\Framework\\TestSuite->run()\n#71 C:\\Users\\atabr\\Documents\\apps\\akuntansi-koperasi\\vendor\\phpunit\\phpunit\\src\\TextUI\\Application.php(229): PHPUnit\\TextUI\\TestRunner->run(Object(PHPUnit\\TextUI\\Configuration\\Configuration), Object(PHPUnit\\Runner\\ResultCache\\DefaultResultCache), Object(PHPUnit\\Framework\\TestSuite))\n#72 C:\\Users\\atabr\\Documents\\apps\\akuntansi-koperasi\\vendor\\pestphp\\pest\\src\\Kernel.php(103): PHPUnit\\TextUI\\Application->run(Array)\n#73 C:\\Users\\atabr\\Documents\\apps\\akuntansi-koperasi\\vendor\\pestphp\\pest\\bin\\pest(195): Pest\\Kernel->handle(Array, Array)\n#74 C:\\Users\\atabr\\Documents\\apps\\akuntansi-koperasi\\vendor\\pestphp\\pest\\bin\\pest(203): {closure:C:\\Users\\atabr\\Documents\\apps\\akuntansi-koperasi\\vendor\\pestphp\\pest\\bin\\pest:19}()\n#75 {main}\n\n----------------------------------------------------------------------------------\n\nKode Akun (COA) '1110' tidak ditemukan."},{"test":"P\\Tests\\Feature\\LoanManagementTest::__pest_evaluable_it_can_pay_loan_installment_via_web_route","file":"\\Users\\atabr\\Documents\\apps\\akuntansi-koperasi\\vendor\\laravel\\framework\\src\\Illuminate\\Testing\\TestResponseAssert.php","line":45,"message":"Expected response status code [201, 301, 302, 303, 307, 308] but received 500.\nFailed asserting that false is true.\r\n\r\nThe following exception occurred during the last request:\n\nInvalidArgumentException: Kode Akun (COA) '1110' tidak ditemukan. in C:\\Users\\atabr\\Documents\\apps\\akuntansi-koperasi\\app\\Services\\AccountingService.php:39\nStack trace:\n#0 C:\\Users\\atabr\\Documents\\apps\\akuntansi-koperasi\\vendor\\laravel\\framework\\src\\Illuminate\\Database\\Concerns\\ManagesTransactions.php(35): App\\Services\\AccountingService->{closure:App\\Services\\AccountingService::createEntry():22}(Object(Illuminate\\Database\\SQLiteConnection))\n#1 C:\\Users\\atabr\\Documents\\apps\\akuntansi-koperasi\\vendor\\laravel\\framework\\src\\Illuminate\\Database\\DatabaseManager.php(496): Illuminate\\Database\\Connection->transaction(Object(Closure))\n#2 C:\\Users\\atabr\\Documents\\apps\\akuntansi-koperasi\\vendor\\laravel\\framework\\src\\Illuminate\\Support\\Facades\\Facade.php(363): Illuminate\\Database\\DatabaseManager->__call('transaction', Array)\n#3 C:\\Users\\atabr\\Documents\\apps\\akuntansi-koperasi\\app\\Services\\AccountingService.php(22): Illuminate\\Support\\Facades\\Facade::__callStatic('transaction', Array)\n#4 C:\\Users\\atabr\\Documents\\apps\\akuntansi-koperasi\\app\\Services\\CashLedgerService.php(121): App\\Services\\AccountingService->createEntry('2026-04-23', 'Pembayaran angs..', Array, Object(App\\Models\\CashTransaction))\n#5 C:\\Users\\atabr\\Documents\\apps\\akuntansi-koperasi\\app\\Services\\CashLedgerService.php(55): App\\Services\\CashLedgerService->generateJournal(Object(App\\Models\\CashTransaction), Object(App\\Models\\CashAccount), Object(App\\Models\\LoanRepayment))\n#6 C:\\Users\\atabr\\Documents\\apps\\akuntansi-koperasi\\vendor\\laravel\\framework\\src\\Illuminate\\Database\\Concerns\\ManagesTransactions.php(35): App\\Services\\CashLedgerService->{closure:App\\Services\\CashLedgerService::record():30}(Object(Illuminate\\Database\\SQLiteConnection))\n#7 C:\\Users\\atabr\\Documents\\apps\\akuntansi-koperasi\\vendor\\laravel\\framework\\src\\Illuminate\\Database\\DatabaseManager.php(496): Illuminate\\Database\\Connection->transaction(Object(Closure))\n#8 C:\\Users\\atabr\\Documents\\apps\\akuntansi-koperasi\\vendor\\laravel\\framework\\src\\Illuminate\\Support\\Facades\\Facade.php(363): Illuminate\\Database\\DatabaseManager->__call('transaction', Array)\n#9 C:\\Users\\atabr\\Documents\\apps\\akuntansi-koperasi\\app\\Services\\CashLedgerService.php(30): Illuminate\\Support\\Facades\\Facade::__callStatic('transaction', Array)\n#10 C:\\Users\\atabr\\Documents\\apps\\akuntansi-koperasi\\app\\Http\\Controllers\\LoanController.php(179): App\\Services\\CashLedgerService->record(1, 1020000.0, 'income', 'angsuran', 'Pembayaran angs..', Object(App\\Models\\LoanRepayment), '2026-04-23')\n#11 C:\\Users\\atabr\\Documents\\apps\\akuntansi-koperasi\\vendor\\laravel\\framework\\src\\Illuminate\\Routing\\ControllerDispatcher.php(46): App\\Http\\Controllers\\LoanController->repayFromWeb(Object(Illuminate\\Http\\Request), Object(App\\Models\\Loan))\n#12 C:\\Users\\atabr\\Documents\\apps\\akuntansi-koperasi\\vendor\\laravel\\framework\\src\\Illuminate\\Routing\\Route.php(269): Illuminate\\Routing\\ControllerDispatcher->dispatch(Object(Illuminate\\Routing\\Route), Object(App\\Http\\Controllers\\LoanController), 'repayFromWeb')\n#13 C:\\Users\\atabr\\Documents\\apps\\akuntansi-koperasi\\vendor\\laravel\\framework\\src\\Illuminate\\Routing\\Route.php(215): Illuminate\\Routing\\Route->runController()\n#14 C:\\Users\\atabr\\Documents\\apps\\akuntansi-koperasi\\vendor\\laravel\\framework\\src\\Illuminate\\Routing\\Router.php(822): Illuminate\\Routing\\Route->run()\n#15 C:\\Users\\atabr\\Documents\\apps\\akuntansi-koperasi\\vendor\\laravel\\framework\\src\\Illuminate\\Pipeline\\Pipeline.php(180): Illuminate\\Routing\\Router->{closure:Illuminate\\Routing\\Router::runRouteWithinStack():821}(Object(Illuminate\\Http\\Request))\n#16 C:\\Users\\atabr\\Documents\\apps\\akuntansi-koperasi\\app\\Http\\Middleware\\AdminMiddleware.php(17): Illuminate\\Pipeline\\Pipeline->{closure:Illuminate\\Pipeline\\Pipeline::prepareDestination():178}(Object(Illuminate\\Http\\Request))\n#17 C:\\Users\\atabr\\Documents\\apps\\akuntansi-koperasi\\vendor\\laravel\\framework\\src\\Illuminate\\Pipeline\\Pipeline.php(219): App\\Http\\Middleware\\AdminMiddleware->handle(Object(Illuminate\\Http\\Request), Object(Closure))\n#18 C:\\Users\\atabr\\Documents\\apps\\akuntansi-koperasi\\vendor\\laravel\\framework\\src\\Illuminate\\Auth\\Middleware\\EnsureEmailIsVerified.php(41): Illuminate\\Pipeline\\Pipeline->{closure:{closure:Illuminate\\Pipeline\\Pipeline::carry():194}:195}(Object(Illuminate\\Http\\Request))\n#19 C:\\Users\\atabr\\Documents\\apps\\akuntansi-koperasi\\vendor\\laravel\\framework\\src\\Illuminate\\Pipeline\\Pipeline.php(219): Illuminate\\Auth\\Middleware\\EnsureEmailIsVerified->handle(Object(Illuminate\\Http\\Request), Object(Closure))\n#20 C:\\Users\\atabr\\Documents\\apps\\akuntansi-koperasi\\vendor\\laravel\\framework\\src\\Illuminate\\Http\\Middleware\\AddLinkHeadersForPreloadedAssets.php(32): Illuminate\\Pipeline\\Pipeline->{closure:{closure:Illuminate\\Pipeline\\Pipeline::carry():194}:195}(Object(Illuminate\\Http\\Request))\n#21 C:\\Users\\atabr\\Documents\\apps\\akuntansi-koperasi\\vendor\\laravel\\framework\\src\\Illuminate\\Pipeline\\Pipeline.php(219): Illuminate\\Http\\Middleware\\AddLinkHeadersForPreloadedAssets->handle(Object(Illuminate\\Http\\Request), Object(Closure))\n#22 C:\\Users\\atabr\\Documents\\apps\\akuntansi-koperasi\\vendor\\inertiajs\\inertia-laravel\\src\\Middleware.php(138): Illuminate\\Pipeline\\Pipeline->{closure:{closure:Illuminate\\Pipeline\\Pipeline::carry():194}:195}(Object(Illuminate\\Http\\Request))\n#23 C:\\Users\\atabr\\Documents\\apps\\akuntansi-koperasi\\vendor\\laravel\\framework\\src\\Illuminate\\Pipeline\\Pipeline.php(219): Inertia\\Middleware->handle(Object(Illuminate\\Http\\Request), Object(Closure))\n#24 C:\\Users\\atabr\\Documents\\apps\\akuntansi-koperasi\\app\\Http\\Middleware\\HandleAppearance.php(21): Illuminate\\Pipeline\\Pipeline->{closure:{closure:Illuminate\\Pipeline\\Pipeline::carry():194}:195}(Object(Illuminate\\Http\\Request))\n#25 C:\\Users\\atabr\\Documents\\apps\\akuntansi-koperasi\\vendor\\laravel\\framework\\src\\Illuminate\\Pipeline\\Pipeline.php(219): App\\Http\\Middleware\\HandleAppearance->handle(Object(Illuminate\\Http\\Request), Object(Closure))\n#26 C:\\Users\\atabr\\Documents\\apps\\akuntansi-koperasi\\vendor\\laravel\\framework\\src\\Illuminate\\Routing\\Middleware\\SubstituteBindings.php(52): Illuminate\\Pipeline\\Pipeline->{closure:{closure:Illuminate\\Pipeline\\Pipeline::carry():194}:195}(Object(Illuminate\\Http\\Request))\n#27 C:\\Users\\atabr\\Documents\\apps\\akuntansi-koperasi\\vendor\\laravel\\framework\\src\\Illuminate\\Pipeline\\Pipeline.php(219): Illuminate\\Routing\\Middleware\\SubstituteBindings->handle(Object(Illuminate\\Http\\Request), Object(Closure))\n#28 C:\\Users\\atabr\\Documents\\apps\\akuntansi-koperasi\\vendor\\laravel\\framework\\src\\Illuminate\\Auth\\Middleware\\Authenticate.php(63): Illuminate\\Pipeline\\Pipeline->{closure:{closure:Illuminate\\Pipeline\\Pipeline::carry():194}:195}(Object(Illuminate\\Http\\Request))\n#29 C:\\Users\\atabr\\Documents\\apps\\akuntansi-koperasi\\vendor\\laravel\\framework\\src\\Illuminate\\Pipeline\\Pipeline.php(219): Illuminate\\Auth\\Middleware\\Authenticate->handle(Object(Illuminate\\Http\\Request), Object(Closure))\n#30 C:\\Users\\atabr\\Documents\\apps\\akuntansi-koperasi\\vendor\\laravel\\framework\\src\\Illuminate\\Foundation\\Http\\Middleware\\PreventRequestForgery.php(104): Illuminate\\Pipeline\\Pipeline->{closure:{closure:Illuminate\\Pipeline\\Pipeline::carry():194}:195}(Object(Illuminate\\Http\\Request))\n#31 C:\\Users\\atabr\\Documents\\apps\\akuntansi-koperasi\\vendor\\laravel\\framework\\src\\Illuminate\\Pipeline\\Pipeline.php(219): Illuminate\\Foundation\\Http\\Middleware\\PreventRequestForgery->handle(Object(Illuminate\\Http\\Request), Object(Closure))\n#32 C:\\Users\\atabr\\Documents\\apps\\akuntansi-koperasi\\vendor\\laravel\\framework\\src\\Illuminate\\View\\Middleware\\ShareErrorsFromSession.php(48): Illuminate\\Pipeline\\Pipeline->{closure:{closure:Illuminate\\Pipeline\\Pipeline::carry():194}:195}(Object(Illuminate\\Http\\Request))\n#33 C:\\Users\\atabr\\Documents\\apps\\akuntansi-koperasi\\vendor\\laravel\\framework\\src\\Illuminate\\Pipeline\\Pipeline.php(219): Illuminate\\View\\Middleware\\ShareErrorsFromSession->handle(Object(Illuminate\\Http\\Request), Object(Closure))\n#34 C:\\Users\\atabr\\Documents\\apps\\akuntansi-koperasi\\vendor\\laravel\\framework\\src\\Illuminate\\Session\\Middleware\\StartSession.php(120): Illuminate\\Pipeline\\Pipeline->{closure:{closure:Illuminate\\Pipeline\\Pipeline::carry():194}:195}(Object(Illuminate\\Http\\Request))\n#35 C:\\Users\\atabr\\Documents\\apps\\akuntansi-koperasi\\vendor\\laravel\\framework\\src\\Illuminate\\Session\\Middleware\\StartSession.php(63): Illuminate\\Session\\Middleware\\StartSession->handleStatefulRequest(Object(Illuminate\\Http\\Request), Object(Illuminate\\Session\\Store), Object(Closure))\n#36 C:\\Users\\atabr\\Documents\\apps\\akuntansi-koperasi\\vendor\\laravel\\framework\\src\\Illuminate\\Pipeline\\Pipeline.php(219): Illuminate\\Session\\Middleware\\StartSession->handle(Object(Illuminate\\Http\\Request), Object(Closure))\n#37 C:\\Users\\atabr\\Documents\\apps\\akuntansi-koperasi\\vendor\\laravel\\framework\\src\\Illuminate\\Cookie\\Middleware\\AddQueuedCookiesToResponse.php(36): Illuminate\\Pipeline\\Pipeline->{closure:{closure:Illuminate\\Pipeline\\Pipeline::carry():194}:195}(Object(Illuminate\\Http\\Request))\n#38 C:\\Users\\atabr\\Documents\\apps\\akuntansi-koperasi\\vendor\\laravel\\framework\\src\\Illuminate\\Pipeline\\Pipeline.php(219): Illuminate\\Cookie\\Middleware\\AddQueuedCookiesToResponse->handle(Object(Illuminate\\Http\\Request), Object(Closure))\n#39 C:\\Users\\atabr\\Documents\\apps\\akuntansi-koperasi\\vendor\\laravel\\framework\\src\\Illuminate\\Cookie\\Middleware\\EncryptCookies.php(74): Illuminate\\Pipeline\\Pipeline->{closure:{closure:Illuminate\\Pipeline\\Pipeline::carry():194}:195}(Object(Illuminate\\Http\\Request))\n#40 C:\\Users\\atabr\\Documents\\apps\\akuntansi-koperasi\\vendor\\laravel\\framework\\src\\Illuminate\\Pipeline\\Pipeline.php(219): Illuminate\\Cookie\\Middleware\\EncryptCookies->handle(Object(Illuminate\\Http\\Request), Object(Closure))\n#41 C:\\Users\\atabr\\Documents\\apps\\akuntansi-koperasi\\vendor\\laravel\\framework\\src\\Illuminate\\Pipeline\\Pipeline.php(137): Illuminate\\Pipeline\\Pipeline->{closure:{closure:Illuminate\\Pipeline\\Pipeline::carry():194}:195}(Object(Illuminate\\Http\\Request))\n#42 C:\\Users\\atabr\\Documents\\apps\\akuntansi-koperasi\\vendor\\laravel\\framework\\src\\Illuminate\\Routing\\Router.php(821): Illuminate\\Pipeline\\Pipeline->then(Object(Closure))\n#43 C:\\Users\\atabr\\Documents\\apps\\akuntansi-koperasi\\vendor\\laravel\\framework\\src\\Illuminate\\Routing\\Router.php(800): Illuminate\\Routing\\Router->runRouteWithinStack(Object(Illuminate\\Routing\\Route), Object(Illuminate\\Http\\Request))\n#44 C:\\Users\\atabr\\Documents\\apps\\akuntansi-koperasi\\vendor\\laravel\\framework\\src\\Illuminate\\Routing\\Router.php(764): Illuminate\\Routing\\Router->runRoute(Object(Illuminate\\Http\\Request), Object(Illuminate\\Routing\\Route))\n#45 C:\\Users\\atabr\\Documents\\apps\\akuntansi-koperasi\\vendor\\laravel\\framework\\src\\Illuminate\\Routing\\Router.php(753): Illuminate\\Routing\\Router->dispatchToRoute(Object(Illuminate\\Http\\Request))\n#46 C:\\Users\\atabr\\Documents\\apps\\akuntansi-koperasi\\vendor\\laravel\\framework\\src\\Illuminate\\Foundation\\Http\\Kernel.php(200): Illuminate\\Routing\\Router->dispatch(Object(Illuminate\\Http\\Request))\n#47 C:\\Users\\atabr\\Documents\\apps\\akuntansi-koperasi\\vendor\\laravel\\framework\\src\\Illuminate\\Pipeline\\Pipeline.php(180): Illuminate\\Foundation\\Http\\Kernel->{closure:Illuminate\\Foundation\\Http\\Kernel::dispatchToRouter():197}(Object(Illuminate\\Http\\Request))\n#48 C:\\Users\\atabr\\Documents\\apps\\akuntansi-koperasi\\vendor\\inertiajs\\inertia-laravel\\src\\Middleware\\EnsureGetOnRedirect.php(19): Illuminate\\Pipeline\\Pipeline->{closure:Illuminate\\Pipeline\\Pipeline::prepareDestination():178}(Object(Illuminate\\Http\\Request))\n#49 C:\\Users\\atabr\\Documents\\apps\\akuntansi-koperasi\\vendor\\laravel\\framework\\src\\Illuminate\\Pipeline\\Pipeline.php(219): Inertia\\Middleware\\EnsureGetOnRedirect->handle(Object(Illuminate\\Http\\Request), Object(Closure))\n#50 C:\\Users\\atabr\\Documents\\apps\\akuntansi-koperasi\\vendor\\laravel\\framework\\src\\Illuminate\\Foundation\\Http\\Middleware\\TransformsRequest.php(21): Illuminate\\Pipeline\\Pipeline->{closure:{closure:Illuminate\\Pipeline\\Pipeline::carry():194}:195}(Object(Illuminate\\Http\\Request))\n#51 C:\\Users\\atabr\\Documents\\apps\\akuntansi-koperasi\\vendor\\laravel\\framework\\src\\Illuminate\\Foundation\\Http\\Middleware\\ConvertEmptyStringsToNull.php(31): Illuminate\\Foundation\\Http\\Middleware\\TransformsRequest->handle(Object(Illuminate\\Http\\Request), Object(Closure))\n#52 C:\\Users\\atabr\\Documents\\apps\\akuntansi-koperasi\\vendor\\laravel\\framework\\src\\Illuminate\\Pipeline\\Pipeline.php(219): Illuminate\\Foundation\\Http\\Middleware\\ConvertEmptyStringsToNull->handle(Object(Illuminate\\Http\\Request), Object(Closure))\n#53 C:\\Users\\atabr\\Documents\\apps\\akuntansi-koperasi\\vendor\\laravel\\framework\\src\\Illuminate\\Foundation\\Http\\Middleware\\TransformsRequest.php(21): Illuminate\\Pipeline\\Pipeline->{closure:{closure:Illuminate\\Pipeline\\Pipeline::carry():194}:195}(Object(Illuminate\\Http\\Request))\n#54 C:\\Users\\atabr\\Documents\\apps\\akuntansi-koperasi\\vendor\\laravel\\framework\\src\\Illuminate\\Foundation\\Http\\Middleware\\TrimStrings.php(51): Illuminate\\Foundation\\Http\\Middleware\\TransformsRequest->handle(Object(Illuminate\\Http\\Request), Object(Closure))\n#55 C:\\Users\\atabr\\Documents\\apps\\akuntansi-koperasi\\vendor\\laravel\\framework\\src\\Illuminate\\Pipeline\\Pipeline.php(219): Illuminate\\Foundation\\Http\\Middleware\\TrimStrings->handle(Object(Illuminate\\Http\\Request), Object(Closure))\n#56 C:\\Users\\atabr\\Documents\\apps\\akuntansi-koperasi\\vendor\\laravel\\framework\\src\\Illuminate\\Http\\Middleware\\ValidatePostSize.php(27): Illuminate\\Pipeline\\Pipeline->{closure:{closure:Illuminate\\Pipeline\\Pipeline::carry():194}:195}(Object(Illuminate\\Http\\Request))\n#57 C:\\Users\\atabr\\Documents\\apps\\akuntansi-koperasi\\vendor\\laravel\\framework\\src\\Illuminate\\Pipeline\\Pipeline.php(219): Illuminate\\Http\\Middleware\\ValidatePostSize->handle(Object(Illuminate\\Http\\Request), Object(Closure))\n#58 C:\\Users\\atabr\\Documents\\apps\\akuntansi-koperasi\\vendor\\laravel\\framework\\src\\Illuminate\\Foundation\\Http\\Middleware\\PreventRequestsDuringMaintenance.php(109): Illuminate\\Pipeline\\Pipeline->{closure:{closure:Illuminate\\Pipeline\\Pipeline::carry():194}:195}(Object(Illuminate\\Http\\Request))\n#59 C:\\Users\\atabr\\Documents\\apps\\akuntansi-koperasi\\vendor\\laravel\\framework\\src\\Illuminate\\Pipeline\\Pipeline.php(219): Illuminate\\Foundation\\Http\\Middleware\\PreventRequestsDuringMaintenance->handle(Object(Illuminate\\Http\\Request), Object(Closure))\n#60 C:\\Users\\atabr\\Documents\\apps\\akuntansi-koperasi\\vendor\\laravel\\framework\\src\\Illuminate\\Http\\Middleware\\HandleCors.php(61): Illuminate\\Pipeline\\Pipeline->{closure:{closure:Illuminate\\Pipeline\\Pipeline::carry():194}:195}(Object(Illuminate\\Http\\Request))\n#61 C:\\Users\\atabr\\Documents\\apps\\akuntansi-koperasi\\vendor\\laravel\\framework\\src\\Illuminate\\Pipeline\\Pipeline.php(219): Illuminate\\Http\\Middleware\\HandleCors->handle(Object(Illuminate\\Http\\Request), Object(Closure))\n#62 C:\\Users\\atabr\\Documents\\apps\\akuntansi-koperasi\\vendor\\laravel\\framework\\src\\Illuminate\\Http\\Middleware\\TrustProxies.php(58): Illuminate\\Pipeline\\Pipeline->{closure:{closure:Illuminate\\Pipeline\\Pipeline::carry():194}:195}(Object(Illuminate\\Http\\Request))\n#63 C:\\Users\\atabr\\Documents\\apps\\akuntansi-koperasi\\vendor\\laravel\\framework\\src\\Illuminate\\Pipeline\\Pipeline.php(219): Illuminate\\Http\\Middleware\\TrustProxies->handle(Object(Illuminate\\Http\\Request), Object(Closure))\n#64 C:\\Users\\atabr\\Documents\\apps\\akuntansi-koperasi\\vendor\\laravel\\framework\\src\\Illuminate\\Foundation\\Http\\Middleware\\InvokeDeferredCallbacks.php(22): Illuminate\\Pipeline\\Pipeline->{closure:{closure:Illuminate\\Pipeline\\Pipeline::carry():194}:195}(Object(Illuminate\\Http\\Request))\n#65 C:\\Users\\atabr\\Documents\\apps\\akuntansi-koperasi\\vendor\\laravel\\framework\\src\\Illuminate\\Pipeline\\Pipeline.php(219): Illuminate\\Foundation\\Http\\Middleware\\InvokeDeferredCallbacks->handle(Object(Illuminate\\Http\\Request), Object(Closure))\n#66 C:\\Users\\atabr\\Documents\\apps\\akuntansi-koperasi\\vendor\\laravel\\framework\\src\\Illuminate\\Http\\Middleware\\ValidatePathEncoding.php(28): Illuminate\\Pipeline\\Pipeline->{closure:{closure:Illuminate\\Pipeline\\Pipeline::carry():194}:195}(Object(Illuminate\\Http\\Request))\n#67 C:\\Users\\atabr\\Documents\\apps\\akuntansi-koperasi\\vendor\\laravel\\framework\\src\\Illuminate\\Pipeline\\Pipeline.php(219): Illuminate\\Http\\Middleware\\ValidatePathEncoding->handle(Object(Illuminate\\Http\\Request), Object(Closure))\n#68 C:\\Users\\atabr\\Documents\\apps\\akuntansi-koperasi\\vendor\\laravel\\framework\\src\\Illuminate\\Pipeline\\Pipeline.php(137): Illuminate\\Pipeline\\Pipeline->{closure:{closure:Illuminate\\Pipeline\\Pipeline::carry():194}:195}(Object(Illuminate\\Http\\Request))\n#69 C:\\Users\\atabr\\Documents\\apps\\akuntansi-koperasi\\vendor\\laravel\\framework\\src\\Illuminate\\Foundation\\Http\\Kernel.php(175): Illuminate\\Pipeline\\Pipeline->then(Object(Closure))\n#70 C:\\Users\\atabr\\Documents\\apps\\akuntansi-koperasi\\vendor\\laravel\\framework\\src\\Illuminate\\Foundation\\Http\\Kernel.php(144): Illuminate\\Foundation\\Http\\Kernel->sendRequestThroughRouter(Object(Illuminate\\Http\\Request))\n#71 C:\\Users\\atabr\\Documents\\apps\\akuntansi-koperasi\\vendor\\laravel\\framework\\src\\Illuminate\\Foundation\\Testing\\Concerns\\MakesHttpRequests.php(607): Illuminate\\Foundation\\Http\\Kernel->handle(Object(Illuminate\\Http\\Request))\n#72 C:\\Users\\atabr\\Documents\\apps\\akuntansi-koperasi\\vendor\\laravel\\framework\\src\\Illuminate\\Foundation\\Testing\\Concerns\\MakesHttpRequests.php(397): Illuminate\\Foundation\\Testing\\TestCase->call('POST', 'http://localhos..', Array, Array, Array, Array)\n#73 C:\\Users\\atabr\\Documents\\apps\\akuntansi-koperasi\\tests\\Feature\\LoanManagementTest.php(89): Illuminate\\Foundation\\Testing\\TestCase->post('http://localhos..', Array)\n#74 C:\\Users\\atabr\\Documents\\apps\\akuntansi-koperasi\\vendor\\pestphp\\pest\\src\\Factories\\TestCaseMethodFactory.php(177): P\\Tests\\Feature\\LoanManagementTest->{closure:C:\\Users\\atabr\\Documents\\apps\\akuntansi-koperasi\\tests\\Feature\\LoanManagementTest.php:78}()\n#75 [internal function]: P\\Tests\\Feature\\LoanManagementTest->{closure:Pest\\Factories\\TestCaseMethodFactory::getClosure():167}()\n#76 C:\\Users\\atabr\\Documents\\apps\\akuntansi-koperasi\\vendor\\pestphp\\pest\\src\\Concerns\\Testable.php(509): call_user_func_array(Object(Closure), Array)\n#77 C:\\Users\\atabr\\Documents\\apps\\akuntansi-koperasi\\vendor\\pestphp\\pest\\src\\Support\\ExceptionTrace.php(26): P\\Tests\\Feature\\LoanManagementTest->{closure:Pest\\Concerns\\Testable::__callClosure():509}()\n#78 C:\\Users\\atabr\\Documents\\apps\\akuntansi-koperasi\\vendor\\pestphp\\pest\\src\\Concerns\\Testable.php(509): Pest\\Support\\ExceptionTrace::ensure(Object(Closure))\n#79 C:\\Users\\atabr\\Documents\\apps\\akuntansi-koperasi\\vendor\\pestphp\\pest\\src\\Concerns\\Testable.php(336): P\\Tests\\Feature\\LoanManagementTest->__callClosure(Object(Closure), Array)\n#80 C:\\Users\\atabr\\Documents\\apps\\akuntansi-koperasi\\vendor\\pestphp\\pest\\src\\Factories\\TestCaseFactory.php(175) : eval()'d code(44): P\\Tests\\Feature\\LoanManagementTest->__runTest(Object(Closure))\n#81 C:\\Users\\atabr\\Documents\\apps\\akuntansi-koperasi\\vendor\\phpunit\\phpunit\\src\\Framework\\TestCase.php(1335): P\\Tests\\Feature\\LoanManagementTest->__pest_evaluable_it_can_pay_loan_installment_via_web_route()\n#82 C:\\Users\\atabr\\Documents\\apps\\akuntansi-koperasi\\vendor\\phpunit\\phpunit\\src\\Framework\\TestCase.php(519): PHPUnit\\Framework\\TestCase->runTest()\n#83 C:\\Users\\atabr\\Documents\\apps\\akuntansi-koperasi\\vendor\\phpunit\\phpunit\\src\\Framework\\TestRunner\\TestRunner.php(99): PHPUnit\\Framework\\TestCase->runBare()\n#84 C:\\Users\\atabr\\Documents\\apps\\akuntansi-koperasi\\vendor\\phpunit\\phpunit\\src\\Framework\\TestCase.php(359): PHPUnit\\Framework\\TestRunner->run(Object(P\\Tests\\Feature\\LoanManagementTest))\n#85 C:\\Users\\atabr\\Documents\\apps\\akuntansi-koperasi\\vendor\\phpunit\\phpunit\\src\\Framework\\TestSuite.php(374): PHPUnit\\Framework\\TestCase->run()\n#86 C:\\Users\\atabr\\Documents\\apps\\akuntansi-koperasi\\vendor\\phpunit\\phpunit\\src\\Framework\\TestSuite.php(374): PHPUnit\\Framework\\TestSuite->run()\n#87 C:\\Users\\atabr\\Documents\\apps\\akuntansi-koperasi\\vendor\\phpunit\\phpunit\\src\\Framework\\TestSuite.php(374): PHPUnit\\Framework\\TestSuite->run()\n#88 C:\\Users\\atabr\\Documents\\apps\\akuntansi-koperasi\\vendor\\phpunit\\phpunit\\src\\TextUI\\TestRunner.php(64): PHPUnit\\Framework\\TestSuite->run()\n#89 C:\\Users\\atabr\\Documents\\apps\\akuntansi-koperasi\\vendor\\phpunit\\phpunit\\src\\TextUI\\Application.php(229): PHPUnit\\TextUI\\TestRunner->run(Object(PHPUnit\\TextUI\\Configuration\\Configuration), Object(PHPUnit\\Runner\\ResultCache\\DefaultResultCache), Object(PHPUnit\\Framework\\TestSuite))\n#90 C:\\Users\\atabr\\Documents\\apps\\akuntansi-koperasi\\vendor\\pestphp\\pest\\src\\Kernel.php(103): PHPUnit\\TextUI\\Application->run(Array)\n#91 C:\\Users\\atabr\\Documents\\apps\\akuntansi-koperasi\\vendor\\pestphp\\pest\\bin\\pest(195): Pest\\Kernel->handle(Array, Array)\n#92 C:\\Users\\atabr\\Documents\\apps\\akuntansi-koperasi\\vendor\\pestphp\\pest\\bin\\pest(203): {closure:C:\\Users\\atabr\\Documents\\apps\\akuntansi-koperasi\\vendor\\pestphp\\pest\\bin\\pest:19}()\n#93 {main}\n\n----------------------------------------------------------------------------------\n\nKode Akun (COA) '1110' tidak ditemukan."},{"test":"P\\Tests\\Feature\\LoanManagementTest::__pest_evaluable_it_marks_loan_as_paid__off_when_repaid_in_full_via_web_route","file":"\\Users\\atabr\\Documents\\apps\\akuntansi-koperasi\\tests\\Feature\\LoanManagementTest.php","line":118,"message":"Failed asserting that two strings are identical.\n--- Expected\n+++ Actual\n@@ @@\n-'paid_off'\n+'active'"},{"test":"P\\Tests\\Feature\\ReportTest::__pest_evaluable_it_calculates_dashboard_statistics_correctly","file":"\\Users\\atabr\\Documents\\apps\\akuntansi-koperasi\\vendor\\laravel\\framework\\src\\Illuminate\\Testing\\AssertableJsonString.php","line":243,"message":"Failed asserting that 0 is identical to 500000."},{"test":"P\\Tests\\Feature\\SavingManagementTest::__pest_evaluable_it_can_record_a_new_saving_transaction_for_a_member","file":"\\Users\\atabr\\Documents\\apps\\akuntansi-koperasi\\vendor\\laravel\\framework\\src\\Illuminate\\Testing\\TestResponseAssert.php","line":45,"message":"Expected response status code [201] but received 500.\nFailed asserting that 500 is identical to 201.\r\n\r\nThe following exception occurred during the last request:\n\nError: Call to undefined method App\\Http\\Controllers\\SavingController::store() in C:\\Users\\atabr\\Documents\\apps\\akuntansi-koperasi\\vendor\\laravel\\framework\\src\\Illuminate\\Routing\\ControllerDispatcher.php:46\nStack trace:\n#0 C:\\Users\\atabr\\Documents\\apps\\akuntansi-koperasi\\vendor\\laravel\\framework\\src\\Illuminate\\Routing\\Route.php(269): Illuminate\\Routing\\ControllerDispatcher->dispatch(Object(Illuminate\\Routing\\Route), Object(App\\Http\\Controllers\\SavingController), 'store')\n#1 C:\\Users\\atabr\\Documents\\apps\\akuntansi-koperasi\\vendor\\laravel\\framework\\src\\Illuminate\\Routing\\Route.php(215): Illuminate\\Routing\\Route->runController()\n#2 C:\\Users\\atabr\\Documents\\apps\\akuntansi-koperasi\\vendor\\laravel\\framework\\src\\Illuminate\\Routing\\Router.php(822): Illuminate\\Routing\\Route->run()\n#3 C:\\Users\\atabr\\Documents\\apps\\akuntansi-koperasi\\vendor\\laravel\\framework\\src\\Illuminate\\Pipeline\\Pipeline.php(180): Illuminate\\Routing\\Router->{closure:Illuminate\\Routing\\Router::runRouteWithinStack():821}(Object(Illuminate\\Http\\Request))\n#4 C:\\Users\\atabr\\Documents\\apps\\akuntansi-koperasi\\app\\Http\\Middleware\\AdminMiddleware.php(17): Illuminate\\Pipeline\\Pipeline->{closure:Illuminate\\Pipeline\\Pipeline::prepareDestination():178}(Object(Illuminate\\Http\\Request))\n#5 C:\\Users\\atabr\\Documents\\apps\\akuntansi-koperasi\\vendor\\laravel\\framework\\src\\Illuminate\\Pipeline\\Pipeline.php(219): App\\Http\\Middleware\\AdminMiddleware->handle(Object(Illuminate\\Http\\Request), Object(Closure))\n#6 C:\\Users\\atabr\\Documents\\apps\\akuntansi-koperasi\\vendor\\laravel\\framework\\src\\Illuminate\\Routing\\Middleware\\SubstituteBindings.php(52): Illuminate\\Pipeline\\Pipeline->{closure:{closure:Illuminate\\Pipeline\\Pipeline::carry():194}:195}(Object(Illuminate\\Http\\Request))\n#7 C:\\Users\\atabr\\Documents\\apps\\akuntansi-koperasi\\vendor\\laravel\\framework\\src\\Illuminate\\Pipeline\\Pipeline.php(219): Illuminate\\Routing\\Middleware\\SubstituteBindings->handle(Object(Illuminate\\Http\\Request), Object(Closure))\n#8 C:\\Users\\atabr\\Documents\\apps\\akuntansi-koperasi\\vendor\\laravel\\framework\\src\\Illuminate\\Auth\\Middleware\\Authenticate.php(63): Illuminate\\Pipeline\\Pipeline->{closure:{closure:Illuminate\\Pipeline\\Pipeline::carry():194}:195}(Object(Illuminate\\Http\\Request))\n#9 C:\\Users\\atabr\\Documents\\apps\\akuntansi-koperasi\\vendor\\laravel\\framework\\src\\Illuminate\\Pipeline\\Pipeline.php(219): Illuminate\\Auth\\Middleware\\Authenticate->handle(Object(Illuminate\\Http\\Request), Object(Closure), 'sanctum')\n#10 C:\\Users\\atabr\\Documents\\apps\\akuntansi-koperasi\\vendor\\laravel\\framework\\src\\Illuminate\\Pipeline\\Pipeline.php(137): Illuminate\\Pipeline\\Pipeline->{closure:{closure:Illuminate\\Pipeline\\Pipeline::carry():194}:195}(Object(Illuminate\\Http\\Request))\n#11 C:\\Users\\atabr\\Documents\\apps\\akuntansi-koperasi\\vendor\\laravel\\framework\\src\\Illuminate\\Routing\\Router.php(821): Illuminate\\Pipeline\\Pipeline->then(Object(Closure))\n#12 C:\\Users\\atabr\\Documents\\apps\\akuntansi-koperasi\\vendor\\laravel\\framework\\src\\Illuminate\\Routing\\Router.php(800): Illuminate\\Routing\\Router->runRouteWithinStack(Object(Illuminate\\Routing\\Route), Object(Illuminate\\Http\\Request))\n#13 C:\\Users\\atabr\\Documents\\apps\\akuntansi-koperasi\\vendor\\laravel\\framework\\src\\Illuminate\\Routing\\Router.php(764): Illuminate\\Routing\\Router->runRoute(Object(Illuminate\\Http\\Request), Object(Illuminate\\Routing\\Route))\n#14 C:\\Users\\atabr\\Documents\\apps\\akuntansi-koperasi\\vendor\\laravel\\framework\\src\\Illuminate\\Routing\\Router.php(753): Illuminate\\Routing\\Router->dispatchToRoute(Object(Illuminate\\Http\\Request))\n#15 C:\\Users\\atabr\\Documents\\apps\\akuntansi-koperasi\\vendor\\laravel\\framework\\src\\Illuminate\\Foundation\\Http\\Kernel.php(200): Illuminate\\Routing\\Router->dispatch(Object(Illuminate\\Http\\Request))\n#16 C:\\Users\\atabr\\Documents\\apps\\akuntansi-koperasi\\vendor\\laravel\\framework\\src\\Illuminate\\Pipeline\\Pipeline.php(180): Illuminate\\Foundation\\Http\\Kernel->{closure:Illuminate\\Foundation\\Http\\Kernel::dispatchToRouter():197}(Object(Illuminate\\Http\\Request))\n#17 C:\\Users\\atabr\\Documents\\apps\\akuntansi-koperasi\\vendor\\inertiajs\\inertia-laravel\\src\\Middleware\\EnsureGetOnRedirect.php(19): Illuminate\\Pipeline\\Pipeline->{closure:Illuminate\\Pipeline\\Pipeline::prepareDestination():178}(Object(Illuminate\\Http\\Request))\n#18 C:\\Users\\atabr\\Documents\\apps\\akuntansi-koperasi\\vendor\\laravel\\framework\\src\\Illuminate\\Pipeline\\Pipeline.php(219): Inertia\\Middleware\\EnsureGetOnRedirect->handle(Object(Illuminate\\Http\\Request), Object(Closure))\n#19 C:\\Users\\atabr\\Documents\\apps\\akuntansi-koperasi\\vendor\\laravel\\framework\\src\\Illuminate\\Foundation\\Http\\Middleware\\TransformsRequest.php(21): Illuminate\\Pipeline\\Pipeline->{closure:{closure:Illuminate\\Pipeline\\Pipeline::carry():194}:195}(Object(Illuminate\\Http\\Request))\n#20 C:\\Users\\atabr\\Documents\\apps\\akuntansi-koperasi\\vendor\\laravel\\framework\\src\\Illuminate\\Foundation\\Http\\Middleware\\ConvertEmptyStringsToNull.php(31): Illuminate\\Foundation\\Http\\Middleware\\TransformsRequest->handle(Object(Illuminate\\Http\\Request), Object(Closure))\n#21 C:\\Users\\atabr\\Documents\\apps\\akuntansi-koperasi\\vendor\\laravel\\framework\\src\\Illuminate\\Pipeline\\Pipeline.php(219): Illuminate\\Foundation\\Http\\Middleware\\ConvertEmptyStringsToNull->handle(Object(Illuminate\\Http\\Request), Object(Closure))\n#22 C:\\Users\\atabr\\Documents\\apps\\akuntansi-koperasi\\vendor\\laravel\\framework\\src\\Illuminate\\Foundation\\Http\\Middleware\\TransformsRequest.php(21): Illuminate\\Pipeline\\Pipeline->{closure:{closure:Illuminate\\Pipeline\\Pipeline::carry():194}:195}(Object(Illuminate\\Http\\Request))\n#23 C:\\Users\\atabr\\Documents\\apps\\akuntansi-koperasi\\vendor\\laravel\\framework\\src\\Illuminate\\Foundation\\Http\\Middleware\\TrimStrings.php(51): Illuminate\\Foundation\\Http\\Middleware\\TransformsRequest->handle(Object(Illuminate\\Http\\Request), Object(Closure))\n#24 C:\\Users\\atabr\\Documents\\apps\\akuntansi-koperasi\\vendor\\laravel\\framework\\src\\Illuminate\\Pipeline\\Pipeline.php(219): Illuminate\\Foundation\\Http\\Middleware\\TrimStrings->handle(Object(Illuminate\\Http\\Request), Object(Closure))\n#25 C:\\Users\\atabr\\Documents\\apps\\akuntansi-koperasi\\vendor\\laravel\\framework\\src\\Illuminate\\Http\\Middleware\\ValidatePostSize.php(27): Illuminate\\Pipeline\\Pipeline->{closure:{closure:Illuminate\\Pipeline\\Pipeline::carry():194}:195}(Object(Illuminate\\Http\\Request))\n#26 C:\\Users\\atabr\\Documents\\apps\\akuntansi-koperasi\\vendor\\laravel\\framework\\src\\Illuminate\\Pipeline\\Pipeline.php(219): Illuminate\\Http\\Middleware\\ValidatePostSize->handle(Object(Illuminate\\Http\\Request), Object(Closure))\n#27 C:\\Users\\atabr\\Documents\\apps\\akuntansi-koperasi\\vendor\\laravel\\framework\\src\\Illuminate\\Foundation\\Http\\Middleware\\PreventRequestsDuringMaintenance.php(109): Illuminate\\Pipeline\\Pipeline->{closure:{closure:Illuminate\\Pipeline\\Pipeline::carry():194}:195}(Object(Illuminate\\Http\\Request))\n#28 C:\\Users\\atabr\\Documents\\apps\\akuntansi-koperasi\\vendor\\laravel\\framework\\src\\Illuminate\\Pipeline\\Pipeline.php(219): Illuminate\\Foundation\\Http\\Middleware\\PreventRequestsDuringMaintenance->handle(Object(Illuminate\\Http\\Request), Object(Closure))\n#29 C:\\Users\\atabr\\Documents\\apps\\akuntansi-koperasi\\vendor\\laravel\\framework\\src\\Illuminate\\Http\\Middleware\\HandleCors.php(74): Illuminate\\Pipeline\\Pipeline->{closure:{closure:Illuminate\\Pipeline\\Pipeline::carry():194}:195}(Object(Illuminate\\Http\\Request))\n#30 C:\\Users\\atabr\\Documents\\apps\\akuntansi-koperasi\\vendor\\laravel\\framework\\src\\Illuminate\\Pipeline\\Pipeline.php(219): Illuminate\\Http\\Middleware\\HandleCors->handle(Object(Illuminate\\Http\\Request), Object(Closure))\n#31 C:\\Users\\atabr\\Documents\\apps\\akuntansi-koperasi\\vendor\\laravel\\framework\\src\\Illuminate\\Http\\Middleware\\TrustProxies.php(58): Illuminate\\Pipeline\\Pipeline->{closure:{closure:Illuminate\\Pipeline\\Pipeline::carry():194}:195}(Object(Illuminate\\Http\\Request))\n#32 C:\\Users\\atabr\\Documents\\apps\\akuntansi-koperasi\\vendor\\laravel\\framework\\src\\Illuminate\\Pipeline\\Pipeline.php(219): Illuminate\\Http\\Middleware\\TrustProxies->handle(Object(Illuminate\\Http\\Request), Object(Closure))\n#33 C:\\Users\\atabr\\Documents\\apps\\akuntansi-koperasi\\vendor\\laravel\\framework\\src\\Illuminate\\Foundation\\Http\\Middleware\\InvokeDeferredCallbacks.php(22): Illuminate\\Pipeline\\Pipeline->{closure:{closure:Illuminate\\Pipeline\\Pipeline::carry():194}:195}(Object(Illuminate\\Http\\Request))\n#34 C:\\Users\\atabr\\Documents\\apps\\akuntansi-koperasi\\vendor\\laravel\\framework\\src\\Illuminate\\Pipeline\\Pipeline.php(219): Illuminate\\Foundation\\Http\\Middleware\\InvokeDeferredCallbacks->handle(Object(Illuminate\\Http\\Request), Object(Closure))\n#35 C:\\Users\\atabr\\Documents\\apps\\akuntansi-koperasi\\vendor\\laravel\\framework\\src\\Illuminate\\Http\\Middleware\\ValidatePathEncoding.php(28): Illuminate\\Pipeline\\Pipeline->{closure:{closure:Illuminate\\Pipeline\\Pipeline::carry():194}:195}(Object(Illuminate\\Http\\Request))\n#36 C:\\Users\\atabr\\Documents\\apps\\akuntansi-koperasi\\vendor\\laravel\\framework\\src\\Illuminate\\Pipeline\\Pipeline.php(219): Illuminate\\Http\\Middleware\\ValidatePathEncoding->handle(Object(Illuminate\\Http\\Request), Object(Closure))\n#37 C:\\Users\\atabr\\Documents\\apps\\akuntansi-koperasi\\vendor\\laravel\\framework\\src\\Illuminate\\Pipeline\\Pipeline.php(137): Illuminate\\Pipeline\\Pipeline->{closure:{closure:Illuminate\\Pipeline\\Pipeline::carry():194}:195}(Object(Illuminate\\Http\\Request))\n#38 C:\\Users\\atabr\\Documents\\apps\\akuntansi-koperasi\\vendor\\laravel\\framework\\src\\Illuminate\\Foundation\\Http\\Kernel.php(175): Illuminate\\Pipeline\\Pipeline->then(Object(Closure))\n#39 C:\\Users\\atabr\\Documents\\apps\\akuntansi-koperasi\\vendor\\laravel\\framework\\src\\Illuminate\\Foundation\\Http\\Kernel.php(144): Illuminate\\Foundation\\Http\\Kernel->sendRequestThroughRouter(Object(Illuminate\\Http\\Request))\n#40 C:\\Users\\atabr\\Documents\\apps\\akuntansi-koperasi\\vendor\\laravel\\framework\\src\\Illuminate\\Foundation\\Testing\\Concerns\\MakesHttpRequests.php(607): Illuminate\\Foundation\\Http\\Kernel->handle(Object(Illuminate\\Http\\Request))\n#41 C:\\Users\\atabr\\Documents\\apps\\akuntansi-koperasi\\vendor\\laravel\\framework\\src\\Illuminate\\Foundation\\Testing\\Concerns\\MakesHttpRequests.php(573): Illuminate\\Foundation\\Testing\\TestCase->call('POST', '/api/members/1/..', Array, Array, Array, Array, '{\"amount\":10000..')\n#42 C:\\Users\\atabr\\Documents\\apps\\akuntansi-koperasi\\vendor\\laravel\\framework\\src\\Illuminate\\Foundation\\Testing\\Concerns\\MakesHttpRequests.php(411): Illuminate\\Foundation\\Testing\\TestCase->json('POST', '/api/members/1/..', Array, Array, 0)\n#43 C:\\Users\\atabr\\Documents\\apps\\akuntansi-koperasi\\tests\\Feature\\SavingManagementTest.php(23): Illuminate\\Foundation\\Testing\\TestCase->postJson('/api/members/1/..', Array)\n#44 C:\\Users\\atabr\\Documents\\apps\\akuntansi-koperasi\\vendor\\pestphp\\pest\\src\\Factories\\TestCaseMethodFactory.php(177): P\\Tests\\Feature\\SavingManagementTest->{closure:C:\\Users\\atabr\\Documents\\apps\\akuntansi-koperasi\\tests\\Feature\\SavingManagementTest.php:14}()\n#45 [internal function]: P\\Tests\\Feature\\SavingManagementTest->{closure:Pest\\Factories\\TestCaseMethodFactory::getClosure():167}()\n#46 C:\\Users\\atabr\\Documents\\apps\\akuntansi-koperasi\\vendor\\pestphp\\pest\\src\\Concerns\\Testable.php(509): call_user_func_array(Object(Closure), Array)\n#47 C:\\Users\\atabr\\Documents\\apps\\akuntansi-koperasi\\vendor\\pestphp\\pest\\src\\Support\\ExceptionTrace.php(26): P\\Tests\\Feature\\SavingManagementTest->{closure:Pest\\Concerns\\Testable::__callClosure():509}()\n#48 C:\\Users\\atabr\\Documents\\apps\\akuntansi-koperasi\\vendor\\pestphp\\pest\\src\\Concerns\\Testable.php(509): Pest\\Support\\ExceptionTrace::ensure(Object(Closure))\n#49 C:\\Users\\atabr\\Documents\\apps\\akuntansi-koperasi\\vendor\\pestphp\\pest\\src\\Concerns\\Testable.php(336): P\\Tests\\Feature\\SavingManagementTest->__callClosure(Object(Closure), Array)\n#50 C:\\Users\\atabr\\Documents\\apps\\akuntansi-koperasi\\vendor\\pestphp\\pest\\src\\Factories\\TestCaseFactory.php(175) : eval()'d code(17): P\\Tests\\Feature\\SavingManagementTest->__runTest(Object(Closure))\n#51 C:\\Users\\atabr\\Documents\\apps\\akuntansi-koperasi\\vendor\\phpunit\\phpunit\\src\\Framework\\TestCase.php(1335): P\\Tests\\Feature\\SavingManagementTest->__pest_evaluable_it_can_record_a_new_saving_transaction_for_a_member()\n#52 C:\\Users\\atabr\\Documents\\apps\\akuntansi-koperasi\\vendor\\phpunit\\phpunit\\src\\Framework\\TestCase.php(519): PHPUnit\\Framework\\TestCase->runTest()\n#53 C:\\Users\\atabr\\Documents\\apps\\akuntansi-koperasi\\vendor\\phpunit\\phpunit\\src\\Framework\\TestRunner\\TestRunner.php(99): PHPUnit\\Framework\\TestCase->runBare()\n#54 C:\\Users\\atabr\\Documents\\apps\\akuntansi-koperasi\\vendor\\phpunit\\phpunit\\src\\Framework\\TestCase.php(359): PHPUnit\\Framework\\TestRunner->run(Object(P\\Tests\\Feature\\SavingManagementTest))\n#55 C:\\Users\\atabr\\Documents\\apps\\akuntansi-koperasi\\vendor\\phpunit\\phpunit\\src\\Framework\\TestSuite.php(374): PHPUnit\\Framework\\TestCase->run()\n#56 C:\\Users\\atabr\\Documents\\apps\\akuntansi-koperasi\\vendor\\phpunit\\phpunit\\src\\Framework\\TestSuite.php(374): PHPUnit\\Framework\\TestSuite->run()\n#57 C:\\Users\\atabr\\Documents\\apps\\akuntansi-koperasi\\vendor\\phpunit\\phpunit\\src\\Framework\\TestSuite.php(374): PHPUnit\\Framework\\TestSuite->run()\n#58 C:\\Users\\atabr\\Documents\\apps\\akuntansi-koperasi\\vendor\\phpunit\\phpunit\\src\\TextUI\\TestRunner.php(64): PHPUnit\\Framework\\TestSuite->run()\n#59 C:\\Users\\atabr\\Documents\\apps\\akuntansi-koperasi\\vendor\\phpunit\\phpunit\\src\\TextUI\\Application.php(229): PHPUnit\\TextUI\\TestRunner->run(Object(PHPUnit\\TextUI\\Configuration\\Configuration), Object(PHPUnit\\Runner\\ResultCache\\DefaultResultCache), Object(PHPUnit\\Framework\\TestSuite))\n#60 C:\\Users\\atabr\\Documents\\apps\\akuntansi-koperasi\\vendor\\pestphp\\pest\\src\\Kernel.php(103): PHPUnit\\TextUI\\Application->run(Array)\n#61 C:\\Users\\atabr\\Documents\\apps\\akuntansi-koperasi\\vendor\\pestphp\\pest\\bin\\pest(195): Pest\\Kernel->handle(Array, Array)\n#62 C:\\Users\\atabr\\Documents\\apps\\akuntansi-koperasi\\vendor\\pestphp\\pest\\bin\\pest(203): {closure:C:\\Users\\atabr\\Documents\\apps\\akuntansi-koperasi\\vendor\\pestphp\\pest\\bin\\pest:19}()\n#63 {main}\n\n----------------------------------------------------------------------------------\n\nCall to undefined method App\\Http\\Controllers\\SavingController::store()"},{"test":"P\\Tests\\Feature\\SavingManagementTest::__pest_evaluable_it_can_retrieve_savings_history_and_summary_for_a_member","file":"\\Users\\atabr\\Documents\\apps\\akuntansi-koperasi\\vendor\\laravel\\framework\\src\\Illuminate\\Testing\\AssertableJsonString.php","line":243,"message":"Failed asserting that 0 is identical to 500000."},{"test":"P\\Tests\\Feature\\SavingManagementTest::__pest_evaluable_it_validates_saving_transaction_data","file":"\\Users\\atabr\\Documents\\apps\\akuntansi-koperasi\\vendor\\laravel\\framework\\src\\Illuminate\\Testing\\TestResponseAssert.php","line":45,"message":"Failed to find a validation error in the response for key: 'amount'\r\n\r\nResponse does not have JSON validation errors.\nFailed asserting that an array has the key 'amount'.\r\n\r\nThe following exception occurred during the last request:\n\nError: Call to undefined method App\\Http\\Controllers\\SavingController::store() in C:\\Users\\atabr\\Documents\\apps\\akuntansi-koperasi\\vendor\\laravel\\framework\\src\\Illuminate\\Routing\\ControllerDispatcher.php:46\nStack trace:\n#0 C:\\Users\\atabr\\Documents\\apps\\akuntansi-koperasi\\vendor\\laravel\\framework\\src\\Illuminate\\Routing\\Route.php(269): Illuminate\\Routing\\ControllerDispatcher->dispatch(Object(Illuminate\\Routing\\Route), Object(App\\Http\\Controllers\\SavingController), 'store')\n#1 C:\\Users\\atabr\\Documents\\apps\\akuntansi-koperasi\\vendor\\laravel\\framework\\src\\Illuminate\\Routing\\Route.php(215): Illuminate\\Routing\\Route->runController()\n#2 C:\\Users\\atabr\\Documents\\apps\\akuntansi-koperasi\\vendor\\laravel\\framework\\src\\Illuminate\\Routing\\Router.php(822): Illuminate\\Routing\\Route->run()\n#3 C:\\Users\\atabr\\Documents\\apps\\akuntansi-koperasi\\vendor\\laravel\\framework\\src\\Illuminate\\Pipeline\\Pipeline.php(180): Illuminate\\Routing\\Router->{closure:Illuminate\\Routing\\Router::runRouteWithinStack():821}(Object(Illuminate\\Http\\Request))\n#4 C:\\Users\\atabr\\Documents\\apps\\akuntansi-koperasi\\app\\Http\\Middleware\\AdminMiddleware.php(17): Illuminate\\Pipeline\\Pipeline->{closure:Illuminate\\Pipeline\\Pipeline::prepareDestination():178}(Object(Illuminate\\Http\\Request))\n#5 C:\\Users\\atabr\\Documents\\apps\\akuntansi-koperasi\\vendor\\laravel\\framework\\src\\Illuminate\\Pipeline\\Pipeline.php(219): App\\Http\\Middleware\\AdminMiddleware->handle(Object(Illuminate\\Http\\Request), Object(Closure))\n#6 C:\\Users\\atabr\\Documents\\apps\\akuntansi-koperasi\\vendor\\laravel\\framework\\src\\Illuminate\\Routing\\Middleware\\SubstituteBindings.php(52): Illuminate\\Pipeline\\Pipeline->{closure:{closure:Illuminate\\Pipeline\\Pipeline::carry():194}:195}(Object(Illuminate\\Http\\Request))\n#7 C:\\Users\\atabr\\Documents\\apps\\akuntansi-koperasi\\vendor\\laravel\\framework\\src\\Illuminate\\Pipeline\\Pipeline.php(219): Illuminate\\Routing\\Middleware\\SubstituteBindings->handle(Object(Illuminate\\Http\\Request), Object(Closure))\n#8 C:\\Users\\atabr\\Documents\\apps\\akuntansi-koperasi\\vendor\\laravel\\framework\\src\\Illuminate\\Auth\\Middleware\\Authenticate.php(63): Illuminate\\Pipeline\\Pipeline->{closure:{closure:Illuminate\\Pipeline\\Pipeline::carry():194}:195}(Object(Illuminate\\Http\\Request))\n#9 C:\\Users\\atabr\\Documents\\apps\\akuntansi-koperasi\\vendor\\laravel\\framework\\src\\Illuminate\\Pipeline\\Pipeline.php(219): Illuminate\\Auth\\Middleware\\Authenticate->handle(Object(Illuminate\\Http\\Request), Object(Closure), 'sanctum')\n#10 C:\\Users\\atabr\\Documents\\apps\\akuntansi-koperasi\\vendor\\laravel\\framework\\src\\Illuminate\\Pipeline\\Pipeline.php(137): Illuminate\\Pipeline\\Pipeline->{closure:{closure:Illuminate\\Pipeline\\Pipeline::carry():194}:195}(Object(Illuminate\\Http\\Request))\n#11 C:\\Users\\atabr\\Documents\\apps\\akuntansi-koperasi\\vendor\\laravel\\framework\\src\\Illuminate\\Routing\\Router.php(821): Illuminate\\Pipeline\\Pipeline->then(Object(Closure))\n#12 C:\\Users\\atabr\\Documents\\apps\\akuntansi-koperasi\\vendor\\laravel\\framework\\src\\Illuminate\\Routing\\Router.php(800): Illuminate\\Routing\\Router->runRouteWithinStack(Object(Illuminate\\Routing\\Route), Object(Illuminate\\Http\\Request))\n#13 C:\\Users\\atabr\\Documents\\apps\\akuntansi-koperasi\\vendor\\laravel\\framework\\src\\Illuminate\\Routing\\Router.php(764): Illuminate\\Routing\\Router->runRoute(Object(Illuminate\\Http\\Request), Object(Illuminate\\Routing\\Route))\n#14 C:\\Users\\atabr\\Documents\\apps\\akuntansi-koperasi\\vendor\\laravel\\framework\\src\\Illuminate\\Routing\\Router.php(753): Illuminate\\Routing\\Router->dispatchToRoute(Object(Illuminate\\Http\\Request))\n#15 C:\\Users\\atabr\\Documents\\apps\\akuntansi-koperasi\\vendor\\laravel\\framework\\src\\Illuminate\\Foundation\\Http\\Kernel.php(200): Illuminate\\Routing\\Router->dispatch(Object(Illuminate\\Http\\Request))\n#16 C:\\Users\\atabr\\Documents\\apps\\akuntansi-koperasi\\vendor\\laravel\\framework\\src\\Illuminate\\Pipeline\\Pipeline.php(180): Illuminate\\Foundation\\Http\\Kernel->{closure:Illuminate\\Foundation\\Http\\Kernel::dispatchToRouter():197}(Object(Illuminate\\Http\\Request))\n#17 C:\\Users\\atabr\\Documents\\apps\\akuntansi-koperasi\\vendor\\inertiajs\\inertia-laravel\\src\\Middleware\\EnsureGetOnRedirect.php(19): Illuminate\\Pipeline\\Pipeline->{closure:Illuminate\\Pipeline\\Pipeline::prepareDestination():178}(Object(Illuminate\\Http\\Request))\n#18 C:\\Users\\atabr\\Documents\\apps\\akuntansi-koperasi\\vendor\\laravel\\framework\\src\\Illuminate\\Pipeline\\Pipeline.php(219): Inertia\\Middleware\\EnsureGetOnRedirect->handle(Object(Illuminate\\Http\\Request), Object(Closure))\n#19 C:\\Users\\atabr\\Documents\\apps\\akuntansi-koperasi\\vendor\\laravel\\framework\\src\\Illuminate\\Foundation\\Http\\Middleware\\TransformsRequest.php(21): Illuminate\\Pipeline\\Pipeline->{closure:{closure:Illuminate\\Pipeline\\Pipeline::carry():194}:195}(Object(Illuminate\\Http\\Request))\n#20 C:\\Users\\atabr\\Documents\\apps\\akuntansi-koperasi\\vendor\\laravel\\framework\\src\\Illuminate\\Foundation\\Http\\Middleware\\ConvertEmptyStringsToNull.php(31): Illuminate\\Foundation\\Http\\Middleware\\TransformsRequest->handle(Object(Illuminate\\Http\\Request), Object(Closure))\n#21 C:\\Users\\atabr\\Documents\\apps\\akuntansi-koperasi\\vendor\\laravel\\framework\\src\\Illuminate\\Pipeline\\Pipeline.php(219): Illuminate\\Foundation\\Http\\Middleware\\ConvertEmptyStringsToNull->handle(Object(Illuminate\\Http\\Request), Object(Closure))\n#22 C:\\Users\\atabr\\Documents\\apps\\akuntansi-koperasi\\vendor\\laravel\\framework\\src\\Illuminate\\Foundation\\Http\\Middleware\\TransformsRequest.php(21): Illuminate\\Pipeline\\Pipeline->{closure:{closure:Illuminate\\Pipeline\\Pipeline::carry():194}:195}(Object(Illuminate\\Http\\Request))\n#23 C:\\Users\\atabr\\Documents\\apps\\akuntansi-koperasi\\vendor\\laravel\\framework\\src\\Illuminate\\Foundation\\Http\\Middleware\\TrimStrings.php(51): Illuminate\\Foundation\\Http\\Middleware\\TransformsRequest->handle(Object(Illuminate\\Http\\Request), Object(Closure))\n#24 C:\\Users\\atabr\\Documents\\apps\\akuntansi-koperasi\\vendor\\laravel\\framework\\src\\Illuminate\\Pipeline\\Pipeline.php(219): Illuminate\\Foundation\\Http\\Middleware\\TrimStrings->handle(Object(Illuminate\\Http\\Request), Object(Closure))\n#25 C:\\Users\\atabr\\Documents\\apps\\akuntansi-koperasi\\vendor\\laravel\\framework\\src\\Illuminate\\Http\\Middleware\\ValidatePostSize.php(27): Illuminate\\Pipeline\\Pipeline->{closure:{closure:Illuminate\\Pipeline\\Pipeline::carry():194}:195}(Object(Illuminate\\Http\\Request))\n#26 C:\\Users\\atabr\\Documents\\apps\\akuntansi-koperasi\\vendor\\laravel\\framework\\src\\Illuminate\\Pipeline\\Pipeline.php(219): Illuminate\\Http\\Middleware\\ValidatePostSize->handle(Object(Illuminate\\Http\\Request), Object(Closure))\n#27 C:\\Users\\atabr\\Documents\\apps\\akuntansi-koperasi\\vendor\\laravel\\framework\\src\\Illuminate\\Foundation\\Http\\Middleware\\PreventRequestsDuringMaintenance.php(109): Illuminate\\Pipeline\\Pipeline->{closure:{closure:Illuminate\\Pipeline\\Pipeline::carry():194}:195}(Object(Illuminate\\Http\\Request))\n#28 C:\\Users\\atabr\\Documents\\apps\\akuntansi-koperasi\\vendor\\laravel\\framework\\src\\Illuminate\\Pipeline\\Pipeline.php(219): Illuminate\\Foundation\\Http\\Middleware\\PreventRequestsDuringMaintenance->handle(Object(Illuminate\\Http\\Request), Object(Closure))\n#29 C:\\Users\\atabr\\Documents\\apps\\akuntansi-koperasi\\vendor\\laravel\\framework\\src\\Illuminate\\Http\\Middleware\\HandleCors.php(74): Illuminate\\Pipeline\\Pipeline->{closure:{closure:Illuminate\\Pipeline\\Pipeline::carry():194}:195}(Object(Illuminate\\Http\\Request))\n#30 C:\\Users\\atabr\\Documents\\apps\\akuntansi-koperasi\\vendor\\laravel\\framework\\src\\Illuminate\\Pipeline\\Pipeline.php(219): Illuminate\\Http\\Middleware\\HandleCors->handle(Object(Illuminate\\Http\\Request), Object(Closure))\n#31 C:\\Users\\atabr\\Documents\\apps\\akuntansi-koperasi\\vendor\\laravel\\framework\\src\\Illuminate\\Http\\Middleware\\TrustProxies.php(58): Illuminate\\Pipeline\\Pipeline->{closure:{closure:Illuminate\\Pipeline\\Pipeline::carry():194}:195}(Object(Illuminate\\Http\\Request))\n#32 C:\\Users\\atabr\\Documents\\apps\\akuntansi-koperasi\\vendor\\laravel\\framework\\src\\Illuminate\\Pipeline\\Pipeline.php(219): Illuminate\\Http\\Middleware\\TrustProxies->handle(Object(Illuminate\\Http\\Request), Object(Closure))\n#33 C:\\Users\\atabr\\Documents\\apps\\akuntansi-koperasi\\vendor\\laravel\\framework\\src\\Illuminate\\Foundation\\Http\\Middleware\\InvokeDeferredCallbacks.php(22): Illuminate\\Pipeline\\Pipeline->{closure:{closure:Illuminate\\Pipeline\\Pipeline::carry():194}:195}(Object(Illuminate\\Http\\Request))\n#34 C:\\Users\\atabr\\Documents\\apps\\akuntansi-koperasi\\vendor\\laravel\\framework\\src\\Illuminate\\Pipeline\\Pipeline.php(219): Illuminate\\Foundation\\Http\\Middleware\\InvokeDeferredCallbacks->handle(Object(Illuminate\\Http\\Request), Object(Closure))\n#35 C:\\Users\\atabr\\Documents\\apps\\akuntansi-koperasi\\vendor\\laravel\\framework\\src\\Illuminate\\Http\\Middleware\\ValidatePathEncoding.php(28): Illuminate\\Pipeline\\Pipeline->{closure:{closure:Illuminate\\Pipeline\\Pipeline::carry():194}:195}(Object(Illuminate\\Http\\Request))\n#36 C:\\Users\\atabr\\Documents\\apps\\akuntansi-koperasi\\vendor\\laravel\\framework\\src\\Illuminate\\Pipeline\\Pipeline.php(219): Illuminate\\Http\\Middleware\\ValidatePathEncoding->handle(Object(Illuminate\\Http\\Request), Object(Closure))\n#37 C:\\Users\\atabr\\Documents\\apps\\akuntansi-koperasi\\vendor\\laravel\\framework\\src\\Illuminate\\Pipeline\\Pipeline.php(137): Illuminate\\Pipeline\\Pipeline->{closure:{closure:Illuminate\\Pipeline\\Pipeline::carry():194}:195}(Object(Illuminate\\Http\\Request))\n#38 C:\\Users\\atabr\\Documents\\apps\\akuntansi-koperasi\\vendor\\laravel\\framework\\src\\Illuminate\\Foundation\\Http\\Kernel.php(175): Illuminate\\Pipeline\\Pipeline->then(Object(Closure))\n#39 C:\\Users\\atabr\\Documents\\apps\\akuntansi-koperasi\\vendor\\laravel\\framework\\src\\Illuminate\\Foundation\\Http\\Kernel.php(144): Illuminate\\Foundation\\Http\\Kernel->sendRequestThroughRouter(Object(Illuminate\\Http\\Request))\n#40 C:\\Users\\atabr\\Documents\\apps\\akuntansi-koperasi\\vendor\\laravel\\framework\\src\\Illuminate\\Foundation\\Testing\\Concerns\\MakesHttpRequests.php(607): Illuminate\\Foundation\\Http\\Kernel->handle(Object(Illuminate\\Http\\Request))\n#41 C:\\Users\\atabr\\Documents\\apps\\akuntansi-koperasi\\vendor\\laravel\\framework\\src\\Illuminate\\Foundation\\Testing\\Concerns\\MakesHttpRequests.php(573): Illuminate\\Foundation\\Testing\\TestCase->call('POST', '/api/members/1/..', Array, Array, Array, Array, '{\"amount\":-100,..')\n#42 C:\\Users\\atabr\\Documents\\apps\\akuntansi-koperasi\\vendor\\laravel\\framework\\src\\Illuminate\\Foundation\\Testing\\Concerns\\MakesHttpRequests.php(411): Illuminate\\Foundation\\Testing\\TestCase->json('POST', '/api/members/1/..', Array, Array, 0)\n#43 C:\\Users\\atabr\\Documents\\apps\\akuntansi-koperasi\\tests\\Feature\\SavingManagementTest.php(73): Illuminate\\Foundation\\Testing\\TestCase->postJson('/api/members/1/..', Array)\n#44 C:\\Users\\atabr\\Documents\\apps\\akuntansi-koperasi\\vendor\\pestphp\\pest\\src\\Factories\\TestCaseMethodFactory.php(177): P\\Tests\\Feature\\SavingManagementTest->{closure:C:\\Users\\atabr\\Documents\\apps\\akuntansi-koperasi\\tests\\Feature\\SavingManagementTest.php:70}()\n#45 [internal function]: P\\Tests\\Feature\\SavingManagementTest->{closure:Pest\\Factories\\TestCaseMethodFactory::getClosure():167}()\n#46 C:\\Users\\atabr\\Documents\\apps\\akuntansi-koperasi\\vendor\\pestphp\\pest\\src\\Concerns\\Testable.php(509): call_user_func_array(Object(Closure), Array)\n#47 C:\\Users\\atabr\\Documents\\apps\\akuntansi-koperasi\\vendor\\pestphp\\pest\\src\\Support\\ExceptionTrace.php(26): P\\Tests\\Feature\\SavingManagementTest->{closure:Pest\\Concerns\\Testable::__callClosure():509}()\n#48 C:\\Users\\atabr\\Documents\\apps\\akuntansi-koperasi\\vendor\\pestphp\\pest\\src\\Concerns\\Testable.php(509): Pest\\Support\\ExceptionTrace::ensure(Object(Closure))\n#49 C:\\Users\\atabr\\Documents\\apps\\akuntansi-koperasi\\vendor\\pestphp\\pest\\src\\Concerns\\Testable.php(336): P\\Tests\\Feature\\SavingManagementTest->__callClosure(Object(Closure), Array)\n#50 C:\\Users\\atabr\\Documents\\apps\\akuntansi-koperasi\\vendor\\pestphp\\pest\\src\\Factories\\TestCaseFactory.php(175) : eval()'d code(35): P\\Tests\\Feature\\SavingManagementTest->__runTest(Object(Closure))\n#51 C:\\Users\\atabr\\Documents\\apps\\akuntansi-koperasi\\vendor\\phpunit\\phpunit\\src\\Framework\\TestCase.php(1335): P\\Tests\\Feature\\SavingManagementTest->__pest_evaluable_it_validates_saving_transaction_data()\n#52 C:\\Users\\atabr\\Documents\\apps\\akuntansi-koperasi\\vendor\\phpunit\\phpunit\\src\\Framework\\TestCase.php(519): PHPUnit\\Framework\\TestCase->runTest()\n#53 C:\\Users\\atabr\\Documents\\apps\\akuntansi-koperasi\\vendor\\phpunit\\phpunit\\src\\Framework\\TestRunner\\TestRunner.php(99): PHPUnit\\Framework\\TestCase->runBare()\n#54 C:\\Users\\atabr\\Documents\\apps\\akuntansi-koperasi\\vendor\\phpunit\\phpunit\\src\\Framework\\TestCase.php(359): PHPUnit\\Framework\\TestRunner->run(Object(P\\Tests\\Feature\\SavingManagementTest))\n#55 C:\\Users\\atabr\\Documents\\apps\\akuntansi-koperasi\\vendor\\phpunit\\phpunit\\src\\Framework\\TestSuite.php(374): PHPUnit\\Framework\\TestCase->run()\n#56 C:\\Users\\atabr\\Documents\\apps\\akuntansi-koperasi\\vendor\\phpunit\\phpunit\\src\\Framework\\TestSuite.php(374): PHPUnit\\Framework\\TestSuite->run()\n#57 C:\\Users\\atabr\\Documents\\apps\\akuntansi-koperasi\\vendor\\phpunit\\phpunit\\src\\Framework\\TestSuite.php(374): PHPUnit\\Framework\\TestSuite->run()\n#58 C:\\Users\\atabr\\Documents\\apps\\akuntansi-koperasi\\vendor\\phpunit\\phpunit\\src\\TextUI\\TestRunner.php(64): PHPUnit\\Framework\\TestSuite->run()\n#59 C:\\Users\\atabr\\Documents\\apps\\akuntansi-koperasi\\vendor\\phpunit\\phpunit\\src\\TextUI\\Application.php(229): PHPUnit\\TextUI\\TestRunner->run(Object(PHPUnit\\TextUI\\Configuration\\Configuration), Object(PHPUnit\\Runner\\ResultCache\\DefaultResultCache), Object(PHPUnit\\Framework\\TestSuite))\n#60 C:\\Users\\atabr\\Documents\\apps\\akuntansi-koperasi\\vendor\\pestphp\\pest\\src\\Kernel.php(103): PHPUnit\\TextUI\\Application->run(Array)\n#61 C:\\Users\\atabr\\Documents\\apps\\akuntansi-koperasi\\vendor\\pestphp\\pest\\bin\\pest(195): Pest\\Kernel->handle(Array, Array)\n#62 C:\\Users\\atabr\\Documents\\apps\\akuntansi-koperasi\\vendor\\pestphp\\pest\\bin\\pest(203): {closure:C:\\Users\\atabr\\Documents\\apps\\akuntansi-koperasi\\vendor\\pestphp\\pest\\bin\\pest:19}()\n#63 {main}\n\n----------------------------------------------------------------------------------\n\nCall to undefined method App\\Http\\Controllers\\SavingController::store()"},{"test":"P\\Tests\\Feature\\SavingManagementTest::__pest_evaluable_it_can_record_a_withdrawal_saving_transaction_via_web_route","file":"\\Users\\atabr\\Documents\\apps\\akuntansi-koperasi\\vendor\\laravel\\framework\\src\\Illuminate\\Testing\\TestResponseAssert.php","line":45,"message":"Expected response status code [201, 301, 302, 303, 307, 308] but received 500.\nFailed asserting that false is true.\r\n\r\nThe following exception occurred during the last request:\n\nInvalidArgumentException: Kode Akun (COA) '2210' tidak ditemukan. in C:\\Users\\atabr\\Documents\\apps\\akuntansi-koperasi\\app\\Services\\AccountingService.php:39\nStack trace:\n#0 C:\\Users\\atabr\\Documents\\apps\\akuntansi-koperasi\\vendor\\laravel\\framework\\src\\Illuminate\\Database\\Concerns\\ManagesTransactions.php(35): App\\Services\\AccountingService->{closure:App\\Services\\AccountingService::createEntry():22}(Object(Illuminate\\Database\\SQLiteConnection))\n#1 C:\\Users\\atabr\\Documents\\apps\\akuntansi-koperasi\\vendor\\laravel\\framework\\src\\Illuminate\\Database\\DatabaseManager.php(496): Illuminate\\Database\\Connection->transaction(Object(Closure))\n#2 C:\\Users\\atabr\\Documents\\apps\\akuntansi-koperasi\\vendor\\laravel\\framework\\src\\Illuminate\\Support\\Facades\\Facade.php(363): Illuminate\\Database\\DatabaseManager->__call('transaction', Array)\n#3 C:\\Users\\atabr\\Documents\\apps\\akuntansi-koperasi\\app\\Services\\AccountingService.php(22): Illuminate\\Support\\Facades\\Facade::__callStatic('transaction', Array)\n#4 C:\\Users\\atabr\\Documents\\apps\\akuntansi-koperasi\\app\\Services\\CashLedgerService.php(121): App\\Services\\AccountingService->createEntry('2026-04-23', 'Penarikan simpa..', Array, Object(App\\Models\\CashTransaction))\n#5 C:\\Users\\atabr\\Documents\\apps\\akuntansi-koperasi\\app\\Services\\CashLedgerService.php(55): App\\Services\\CashLedgerService->generateJournal(Object(App\\Models\\CashTransaction), Object(App\\Models\\CashAccount), Object(App\\Models\\SavingTransaction))\n#6 C:\\Users\\atabr\\Documents\\apps\\akuntansi-koperasi\\vendor\\laravel\\framework\\src\\Illuminate\\Database\\Concerns\\ManagesTransactions.php(35): App\\Services\\CashLedgerService->{closure:App\\Services\\CashLedgerService::record():30}(Object(Illuminate\\Database\\SQLiteConnection))\n#7 C:\\Users\\atabr\\Documents\\apps\\akuntansi-koperasi\\vendor\\laravel\\framework\\src\\Illuminate\\Database\\DatabaseManager.php(496): Illuminate\\Database\\Connection->transaction(Object(Closure))\n#8 C:\\Users\\atabr\\Documents\\apps\\akuntansi-koperasi\\vendor\\laravel\\framework\\src\\Illuminate\\Support\\Facades\\Facade.php(363): Illuminate\\Database\\DatabaseManager->__call('transaction', Array)\n#9 C:\\Users\\atabr\\Documents\\apps\\akuntansi-koperasi\\app\\Services\\CashLedgerService.php(30): Illuminate\\Support\\Facades\\Facade::__callStatic('transaction', Array)\n#10 C:\\Users\\atabr\\Documents\\apps\\akuntansi-koperasi\\app\\Services\\SavingsService.php(37): App\\Services\\CashLedgerService->record(1, 50000.0, 'expense', 'simpanan', 'Penarikan simpa..', Object(App\\Models\\SavingTransaction), '2026-04-23')\n#11 C:\\Users\\atabr\\Documents\\apps\\akuntansi-koperasi\\vendor\\laravel\\framework\\src\\Illuminate\\Database\\Concerns\\ManagesTransactions.php(35): App\\Services\\SavingsService->{closure:App\\Services\\SavingsService::deposit():23}(Object(Illuminate\\Database\\SQLiteConnection))\n#12 C:\\Users\\atabr\\Documents\\apps\\akuntansi-koperasi\\vendor\\laravel\\framework\\src\\Illuminate\\Database\\DatabaseManager.php(496): Illuminate\\Database\\Connection->transaction(Object(Closure))\n#13 C:\\Users\\atabr\\Documents\\apps\\akuntansi-koperasi\\vendor\\laravel\\framework\\src\\Illuminate\\Support\\Facades\\Facade.php(363): Illuminate\\Database\\DatabaseManager->__call('transaction', Array)\n#14 C:\\Users\\atabr\\Documents\\apps\\akuntansi-koperasi\\app\\Services\\SavingsService.php(23): Illuminate\\Support\\Facades\\Facade::__callStatic('transaction', Array)\n#15 C:\\Users\\atabr\\Documents\\apps\\akuntansi-koperasi\\app\\Http\\Controllers\\SavingController.php(90): App\\Services\\SavingsService->deposit(Object(App\\Models\\Member), 'sukarela', -50000.0, '2026-04-23', 'Penarikan Simpa..')\n#16 C:\\Users\\atabr\\Documents\\apps\\akuntansi-koperasi\\vendor\\laravel\\framework\\src\\Illuminate\\Routing\\ControllerDispatcher.php(46): App\\Http\\Controllers\\SavingController->withdrawFromWeb(Object(Illuminate\\Http\\Request))\n#17 C:\\Users\\atabr\\Documents\\apps\\akuntansi-koperasi\\vendor\\laravel\\framework\\src\\Illuminate\\Routing\\Route.php(269): Illuminate\\Routing\\ControllerDispatcher->dispatch(Object(Illuminate\\Routing\\Route), Object(App\\Http\\Controllers\\SavingController), 'withdrawFromWeb')\n#18 C:\\Users\\atabr\\Documents\\apps\\akuntansi-koperasi\\vendor\\laravel\\framework\\src\\Illuminate\\Routing\\Route.php(215): Illuminate\\Routing\\Route->runController()\n#19 C:\\Users\\atabr\\Documents\\apps\\akuntansi-koperasi\\vendor\\laravel\\framework\\src\\Illuminate\\Routing\\Router.php(822): Illuminate\\Routing\\Route->run()\n#20 C:\\Users\\atabr\\Documents\\apps\\akuntansi-koperasi\\vendor\\laravel\\framework\\src\\Illuminate\\Pipeline\\Pipeline.php(180): Illuminate\\Routing\\Router->{closure:Illuminate\\Routing\\Router::runRouteWithinStack():821}(Object(Illuminate\\Http\\Request))\n#21 C:\\Users\\atabr\\Documents\\apps\\akuntansi-koperasi\\app\\Http\\Middleware\\AdminMiddleware.php(17): Illuminate\\Pipeline\\Pipeline->{closure:Illuminate\\Pipeline\\Pipeline::prepareDestination():178}(Object(Illuminate\\Http\\Request))\n#22 C:\\Users\\atabr\\Documents\\apps\\akuntansi-koperasi\\vendor\\laravel\\framework\\src\\Illuminate\\Pipeline\\Pipeline.php(219): App\\Http\\Middleware\\AdminMiddleware->handle(Object(Illuminate\\Http\\Request), Object(Closure))\n#23 C:\\Users\\atabr\\Documents\\apps\\akuntansi-koperasi\\vendor\\laravel\\framework\\src\\Illuminate\\Auth\\Middleware\\EnsureEmailIsVerified.php(41): Illuminate\\Pipeline\\Pipeline->{closure:{closure:Illuminate\\Pipeline\\Pipeline::carry():194}:195}(Object(Illuminate\\Http\\Request))\n#24 C:\\Users\\atabr\\Documents\\apps\\akuntansi-koperasi\\vendor\\laravel\\framework\\src\\Illuminate\\Pipeline\\Pipeline.php(219): Illuminate\\Auth\\Middleware\\EnsureEmailIsVerified->handle(Object(Illuminate\\Http\\Request), Object(Closure))\n#25 C:\\Users\\atabr\\Documents\\apps\\akuntansi-koperasi\\vendor\\laravel\\framework\\src\\Illuminate\\Http\\Middleware\\AddLinkHeadersForPreloadedAssets.php(32): Illuminate\\Pipeline\\Pipeline->{closure:{closure:Illuminate\\Pipeline\\Pipeline::carry():194}:195}(Object(Illuminate\\Http\\Request))\n#26 C:\\Users\\atabr\\Documents\\apps\\akuntansi-koperasi\\vendor\\laravel\\framework\\src\\Illuminate\\Pipeline\\Pipeline.php(219): Illuminate\\Http\\Middleware\\AddLinkHeadersForPreloadedAssets->handle(Object(Illuminate\\Http\\Request), Object(Closure))\n#27 C:\\Users\\atabr\\Documents\\apps\\akuntansi-koperasi\\vendor\\inertiajs\\inertia-laravel\\src\\Middleware.php(138): Illuminate\\Pipeline\\Pipeline->{closure:{closure:Illuminate\\Pipeline\\Pipeline::carry():194}:195}(Object(Illuminate\\Http\\Request))\n#28 C:\\Users\\atabr\\Documents\\apps\\akuntansi-koperasi\\vendor\\laravel\\framework\\src\\Illuminate\\Pipeline\\Pipeline.php(219): Inertia\\Middleware->handle(Object(Illuminate\\Http\\Request), Object(Closure))\n#29 C:\\Users\\atabr\\Documents\\apps\\akuntansi-koperasi\\app\\Http\\Middleware\\HandleAppearance.php(21): Illuminate\\Pipeline\\Pipeline->{closure:{closure:Illuminate\\Pipeline\\Pipeline::carry():194}:195}(Object(Illuminate\\Http\\Request))\n#30 C:\\Users\\atabr\\Documents\\apps\\akuntansi-koperasi\\vendor\\laravel\\framework\\src\\Illuminate\\Pipeline\\Pipeline.php(219): App\\Http\\Middleware\\HandleAppearance->handle(Object(Illuminate\\Http\\Request), Object(Closure))\n#31 C:\\Users\\atabr\\Documents\\apps\\akuntansi-koperasi\\vendor\\laravel\\framework\\src\\Illuminate\\Routing\\Middleware\\SubstituteBindings.php(52): Illuminate\\Pipeline\\Pipeline->{closure:{closure:Illuminate\\Pipeline\\Pipeline::carry():194}:195}(Object(Illuminate\\Http\\Request))\n#32 C:\\Users\\atabr\\Documents\\apps\\akuntansi-koperasi\\vendor\\laravel\\framework\\src\\Illuminate\\Pipeline\\Pipeline.php(219): Illuminate\\Routing\\Middleware\\SubstituteBindings->handle(Object(Illuminate\\Http\\Request), Object(Closure))\n#33 C:\\Users\\atabr\\Documents\\apps\\akuntansi-koperasi\\vendor\\laravel\\framework\\src\\Illuminate\\Auth\\Middleware\\Authenticate.php(63): Illuminate\\Pipeline\\Pipeline->{closure:{closure:Illuminate\\Pipeline\\Pipeline::carry():194}:195}(Object(Illuminate\\Http\\Request))\n#34 C:\\Users\\atabr\\Documents\\apps\\akuntansi-koperasi\\vendor\\laravel\\framework\\src\\Illuminate\\Pipeline\\Pipeline.php(219): Illuminate\\Auth\\Middleware\\Authenticate->handle(Object(Illuminate\\Http\\Request), Object(Closure))\n#35 C:\\Users\\atabr\\Documents\\apps\\akuntansi-koperasi\\vendor\\laravel\\framework\\src\\Illuminate\\Foundation\\Http\\Middleware\\PreventRequestForgery.php(104): Illuminate\\Pipeline\\Pipeline->{closure:{closure:Illuminate\\Pipeline\\Pipeline::carry():194}:195}(Object(Illuminate\\Http\\Request))\n#36 C:\\Users\\atabr\\Documents\\apps\\akuntansi-koperasi\\vendor\\laravel\\framework\\src\\Illuminate\\Pipeline\\Pipeline.php(219): Illuminate\\Foundation\\Http\\Middleware\\PreventRequestForgery->handle(Object(Illuminate\\Http\\Request), Object(Closure))\n#37 C:\\Users\\atabr\\Documents\\apps\\akuntansi-koperasi\\vendor\\laravel\\framework\\src\\Illuminate\\View\\Middleware\\ShareErrorsFromSession.php(48): Illuminate\\Pipeline\\Pipeline->{closure:{closure:Illuminate\\Pipeline\\Pipeline::carry():194}:195}(Object(Illuminate\\Http\\Request))\n#38 C:\\Users\\atabr\\Documents\\apps\\akuntansi-koperasi\\vendor\\laravel\\framework\\src\\Illuminate\\Pipeline\\Pipeline.php(219): Illuminate\\View\\Middleware\\ShareErrorsFromSession->handle(Object(Illuminate\\Http\\Request), Object(Closure))\n#39 C:\\Users\\atabr\\Documents\\apps\\akuntansi-koperasi\\vendor\\laravel\\framework\\src\\Illuminate\\Session\\Middleware\\StartSession.php(120): Illuminate\\Pipeline\\Pipeline->{closure:{closure:Illuminate\\Pipeline\\Pipeline::carry():194}:195}(Object(Illuminate\\Http\\Request))\n#40 C:\\Users\\atabr\\Documents\\apps\\akuntansi-koperasi\\vendor\\laravel\\framework\\src\\Illuminate\\Session\\Middleware\\StartSession.php(63): Illuminate\\Session\\Middleware\\StartSession->handleStatefulRequest(Object(Illuminate\\Http\\Request), Object(Illuminate\\Session\\Store), Object(Closure))\n#41 C:\\Users\\atabr\\Documents\\apps\\akuntansi-koperasi\\vendor\\laravel\\framework\\src\\Illuminate\\Pipeline\\Pipeline.php(219): Illuminate\\Session\\Middleware\\StartSession->handle(Object(Illuminate\\Http\\Request), Object(Closure))\n#42 C:\\Users\\atabr\\Documents\\apps\\akuntansi-koperasi\\vendor\\laravel\\framework\\src\\Illuminate\\Cookie\\Middleware\\AddQueuedCookiesToResponse.php(36): Illuminate\\Pipeline\\Pipeline->{closure:{closure:Illuminate\\Pipeline\\Pipeline::carry():194}:195}(Object(Illuminate\\Http\\Request))\n#43 C:\\Users\\atabr\\Documents\\apps\\akuntansi-koperasi\\vendor\\laravel\\framework\\src\\Illuminate\\Pipeline\\Pipeline.php(219): Illuminate\\Cookie\\Middleware\\AddQueuedCookiesToResponse->handle(Object(Illuminate\\Http\\Request), Object(Closure))\n#44 C:\\Users\\atabr\\Documents\\apps\\akuntansi-koperasi\\vendor\\laravel\\framework\\src\\Illuminate\\Cookie\\Middleware\\EncryptCookies.php(74): Illuminate\\Pipeline\\Pipeline->{closure:{closure:Illuminate\\Pipeline\\Pipeline::carry():194}:195}(Object(Illuminate\\Http\\Request))\n#45 C:\\Users\\atabr\\Documents\\apps\\akuntansi-koperasi\\vendor\\laravel\\framework\\src\\Illuminate\\Pipeline\\Pipeline.php(219): Illuminate\\Cookie\\Middleware\\EncryptCookies->handle(Object(Illuminate\\Http\\Request), Object(Closure))\n#46 C:\\Users\\atabr\\Documents\\apps\\akuntansi-koperasi\\vendor\\laravel\\framework\\src\\Illuminate\\Pipeline\\Pipeline.php(137): Illuminate\\Pipeline\\Pipeline->{closure:{closure:Illuminate\\Pipeline\\Pipeline::carry():194}:195}(Object(Illuminate\\Http\\Request))\n#47 C:\\Users\\atabr\\Documents\\apps\\akuntansi-koperasi\\vendor\\laravel\\framework\\src\\Illuminate\\Routing\\Router.php(821): Illuminate\\Pipeline\\Pipeline->then(Object(Closure))\n#48 C:\\Users\\atabr\\Documents\\apps\\akuntansi-koperasi\\vendor\\laravel\\framework\\src\\Illuminate\\Routing\\Router.php(800): Illuminate\\Routing\\Router->runRouteWithinStack(Object(Illuminate\\Routing\\Route), Object(Illuminate\\Http\\Request))\n#49 C:\\Users\\atabr\\Documents\\apps\\akuntansi-koperasi\\vendor\\laravel\\framework\\src\\Illuminate\\Routing\\Router.php(764): Illuminate\\Routing\\Router->runRoute(Object(Illuminate\\Http\\Request), Object(Illuminate\\Routing\\Route))\n#50 C:\\Users\\atabr\\Documents\\apps\\akuntansi-koperasi\\vendor\\laravel\\framework\\src\\Illuminate\\Routing\\Router.php(753): Illuminate\\Routing\\Router->dispatchToRoute(Object(Illuminate\\Http\\Request))\n#51 C:\\Users\\atabr\\Documents\\apps\\akuntansi-koperasi\\vendor\\laravel\\framework\\src\\Illuminate\\Foundation\\Http\\Kernel.php(200): Illuminate\\Routing\\Router->dispatch(Object(Illuminate\\Http\\Request))\n#52 C:\\Users\\atabr\\Documents\\apps\\akuntansi-koperasi\\vendor\\laravel\\framework\\src\\Illuminate\\Pipeline\\Pipeline.php(180): Illuminate\\Foundation\\Http\\Kernel->{closure:Illuminate\\Foundation\\Http\\Kernel::dispatchToRouter():197}(Object(Illuminate\\Http\\Request))\n#53 C:\\Users\\atabr\\Documents\\apps\\akuntansi-koperasi\\vendor\\inertiajs\\inertia-laravel\\src\\Middleware\\EnsureGetOnRedirect.php(19): Illuminate\\Pipeline\\Pipeline->{closure:Illuminate\\Pipeline\\Pipeline::prepareDestination():178}(Object(Illuminate\\Http\\Request))\n#54 C:\\Users\\atabr\\Documents\\apps\\akuntansi-koperasi\\vendor\\laravel\\framework\\src\\Illuminate\\Pipeline\\Pipeline.php(219): Inertia\\Middleware\\EnsureGetOnRedirect->handle(Object(Illuminate\\Http\\Request), Object(Closure))\n#55 C:\\Users\\atabr\\Documents\\apps\\akuntansi-koperasi\\vendor\\laravel\\framework\\src\\Illuminate\\Foundation\\Http\\Middleware\\TransformsRequest.php(21): Illuminate\\Pipeline\\Pipeline->{closure:{closure:Illuminate\\Pipeline\\Pipeline::carry():194}:195}(Object(Illuminate\\Http\\Request))\n#56 C:\\Users\\atabr\\Documents\\apps\\akuntansi-koperasi\\vendor\\laravel\\framework\\src\\Illuminate\\Foundation\\Http\\Middleware\\ConvertEmptyStringsToNull.php(31): Illuminate\\Foundation\\Http\\Middleware\\TransformsRequest->handle(Object(Illuminate\\Http\\Request), Object(Closure))\n#57 C:\\Users\\atabr\\Documents\\apps\\akuntansi-koperasi\\vendor\\laravel\\framework\\src\\Illuminate\\Pipeline\\Pipeline.php(219): Illuminate\\Foundation\\Http\\Middleware\\ConvertEmptyStringsToNull->handle(Object(Illuminate\\Http\\Request), Object(Closure))\n#58 C:\\Users\\atabr\\Documents\\apps\\akuntansi-koperasi\\vendor\\laravel\\framework\\src\\Illuminate\\Foundation\\Http\\Middleware\\TransformsRequest.php(21): Illuminate\\Pipeline\\Pipeline->{closure:{closure:Illuminate\\Pipeline\\Pipeline::carry():194}:195}(Object(Illuminate\\Http\\Request))\n#59 C:\\Users\\atabr\\Documents\\apps\\akuntansi-koperasi\\vendor\\laravel\\framework\\src\\Illuminate\\Foundation\\Http\\Middleware\\TrimStrings.php(51): Illuminate\\Foundation\\Http\\Middleware\\TransformsRequest->handle(Object(Illuminate\\Http\\Request), Object(Closure))\n#60 C:\\Users\\atabr\\Documents\\apps\\akuntansi-koperasi\\vendor\\laravel\\framework\\src\\Illuminate\\Pipeline\\Pipeline.php(219): Illuminate\\Foundation\\Http\\Middleware\\TrimStrings->handle(Object(Illuminate\\Http\\Request), Object(Closure))\n#61 C:\\Users\\atabr\\Documents\\apps\\akuntansi-koperasi\\vendor\\laravel\\framework\\src\\Illuminate\\Http\\Middleware\\ValidatePostSize.php(27): Illuminate\\Pipeline\\Pipeline->{closure:{closure:Illuminate\\Pipeline\\Pipeline::carry():194}:195}(Object(Illuminate\\Http\\Request))\n#62 C:\\Users\\atabr\\Documents\\apps\\akuntansi-koperasi\\vendor\\laravel\\framework\\src\\Illuminate\\Pipeline\\Pipeline.php(219): Illuminate\\Http\\Middleware\\ValidatePostSize->handle(Object(Illuminate\\Http\\Request), Object(Closure))\n#63 C:\\Users\\atabr\\Documents\\apps\\akuntansi-koperasi\\vendor\\laravel\\framework\\src\\Illuminate\\Foundation\\Http\\Middleware\\PreventRequestsDuringMaintenance.php(109): Illuminate\\Pipeline\\Pipeline->{closure:{closure:Illuminate\\Pipeline\\Pipeline::carry():194}:195}(Object(Illuminate\\Http\\Request))\n#64 C:\\Users\\atabr\\Documents\\apps\\akuntansi-koperasi\\vendor\\laravel\\framework\\src\\Illuminate\\Pipeline\\Pipeline.php(219): Illuminate\\Foundation\\Http\\Middleware\\PreventRequestsDuringMaintenance->handle(Object(Illuminate\\Http\\Request), Object(Closure))\n#65 C:\\Users\\atabr\\Documents\\apps\\akuntansi-koperasi\\vendor\\laravel\\framework\\src\\Illuminate\\Http\\Middleware\\HandleCors.php(61): Illuminate\\Pipeline\\Pipeline->{closure:{closure:Illuminate\\Pipeline\\Pipeline::carry():194}:195}(Object(Illuminate\\Http\\Request))\n#66 C:\\Users\\atabr\\Documents\\apps\\akuntansi-koperasi\\vendor\\laravel\\framework\\src\\Illuminate\\Pipeline\\Pipeline.php(219): Illuminate\\Http\\Middleware\\HandleCors->handle(Object(Illuminate\\Http\\Request), Object(Closure))\n#67 C:\\Users\\atabr\\Documents\\apps\\akuntansi-koperasi\\vendor\\laravel\\framework\\src\\Illuminate\\Http\\Middleware\\TrustProxies.php(58): Illuminate\\Pipeline\\Pipeline->{closure:{closure:Illuminate\\Pipeline\\Pipeline::carry():194}:195}(Object(Illuminate\\Http\\Request))\n#68 C:\\Users\\atabr\\Documents\\apps\\akuntansi-koperasi\\vendor\\laravel\\framework\\src\\Illuminate\\Pipeline\\Pipeline.php(219): Illuminate\\Http\\Middleware\\TrustProxies->handle(Object(Illuminate\\Http\\Request), Object(Closure))\n#69 C:\\Users\\atabr\\Documents\\apps\\akuntansi-koperasi\\vendor\\laravel\\framework\\src\\Illuminate\\Foundation\\Http\\Middleware\\InvokeDeferredCallbacks.php(22): Illuminate\\Pipeline\\Pipeline->{closure:{closure:Illuminate\\Pipeline\\Pipeline::carry():194}:195}(Object(Illuminate\\Http\\Request))\n#70 C:\\Users\\atabr\\Documents\\apps\\akuntansi-koperasi\\vendor\\laravel\\framework\\src\\Illuminate\\Pipeline\\Pipeline.php(219): Illuminate\\Foundation\\Http\\Middleware\\InvokeDeferredCallbacks->handle(Object(Illuminate\\Http\\Request), Object(Closure))\n#71 C:\\Users\\atabr\\Documents\\apps\\akuntansi-koperasi\\vendor\\laravel\\framework\\src\\Illuminate\\Http\\Middleware\\ValidatePathEncoding.php(28): Illuminate\\Pipeline\\Pipeline->{closure:{closure:Illuminate\\Pipeline\\Pipeline::carry():194}:195}(Object(Illuminate\\Http\\Request))\n#72 C:\\Users\\atabr\\Documents\\apps\\akuntansi-koperasi\\vendor\\laravel\\framework\\src\\Illuminate\\Pipeline\\Pipeline.php(219): Illuminate\\Http\\Middleware\\ValidatePathEncoding->handle(Object(Illuminate\\Http\\Request), Object(Closure))\n#73 C:\\Users\\atabr\\Documents\\apps\\akuntansi-koperasi\\vendor\\laravel\\framework\\src\\Illuminate\\Pipeline\\Pipeline.php(137): Illuminate\\Pipeline\\Pipeline->{closure:{closure:Illuminate\\Pipeline\\Pipeline::carry():194}:195}(Object(Illuminate\\Http\\Request))\n#74 C:\\Users\\atabr\\Documents\\apps\\akuntansi-koperasi\\vendor\\laravel\\framework\\src\\Illuminate\\Foundation\\Http\\Kernel.php(175): Illuminate\\Pipeline\\Pipeline->then(Object(Closure))\n#75 C:\\Users\\atabr\\Documents\\apps\\akuntansi-koperasi\\vendor\\laravel\\framework\\src\\Illuminate\\Foundation\\Http\\Kernel.php(144): Illuminate\\Foundation\\Http\\Kernel->sendRequestThroughRouter(Object(Illuminate\\Http\\Request))\n#76 C:\\Users\\atabr\\Documents\\apps\\akuntansi-koperasi\\vendor\\laravel\\framework\\src\\Illuminate\\Foundation\\Testing\\Concerns\\MakesHttpRequests.php(607): Illuminate\\Foundation\\Http\\Kernel->handle(Object(Illuminate\\Http\\Request))\n#77 C:\\Users\\atabr\\Documents\\apps\\akuntansi-koperasi\\vendor\\laravel\\framework\\src\\Illuminate\\Foundation\\Testing\\Concerns\\MakesHttpRequests.php(397): Illuminate\\Foundation\\Testing\\TestCase->call('POST', 'http://localhos..', Array, Array, Array, Array)\n#78 C:\\Users\\atabr\\Documents\\apps\\akuntansi-koperasi\\tests\\Feature\\SavingManagementTest.php(84): Illuminate\\Foundation\\Testing\\TestCase->post('http://localhos..', Array)\n#79 C:\\Users\\atabr\\Documents\\apps\\akuntansi-koperasi\\vendor\\pestphp\\pest\\src\\Factories\\TestCaseMethodFactory.php(177): P\\Tests\\Feature\\SavingManagementTest->{closure:C:\\Users\\atabr\\Documents\\apps\\akuntansi-koperasi\\tests\\Feature\\SavingManagementTest.php:81}()\n#80 [internal function]: P\\Tests\\Feature\\SavingManagementTest->{closure:Pest\\Factories\\TestCaseMethodFactory::getClosure():167}()\n#81 C:\\Users\\atabr\\Documents\\apps\\akuntansi-koperasi\\vendor\\pestphp\\pest\\src\\Concerns\\Testable.php(509): call_user_func_array(Object(Closure), Array)\n#82 C:\\Users\\atabr\\Documents\\apps\\akuntansi-koperasi\\vendor\\pestphp\\pest\\src\\Support\\ExceptionTrace.php(26): P\\Tests\\Feature\\SavingManagementTest->{closure:Pest\\Concerns\\Testable::__callClosure():509}()\n#83 C:\\Users\\atabr\\Documents\\apps\\akuntansi-koperasi\\vendor\\pestphp\\pest\\src\\Concerns\\Testable.php(509): Pest\\Support\\ExceptionTrace::ensure(Object(Closure))\n#84 C:\\Users\\atabr\\Documents\\apps\\akuntansi-koperasi\\vendor\\pestphp\\pest\\src\\Concerns\\Testable.php(336): P\\Tests\\Feature\\SavingManagementTest->__callClosure(Object(Closure), Array)\n#85 C:\\Users\\atabr\\Documents\\apps\\akuntansi-koperasi\\vendor\\pestphp\\pest\\src\\Factories\\TestCaseFactory.php(175) : eval()'d code(44): P\\Tests\\Feature\\SavingManagementTest->__runTest(Object(Closure))\n#86 C:\\Users\\atabr\\Documents\\apps\\akuntansi-koperasi\\vendor\\phpunit\\phpunit\\src\\Framework\\TestCase.php(1335): P\\Tests\\Feature\\SavingManagementTest->__pest_evaluable_it_can_record_a_withdrawal_saving_transaction_via_web_route()\n#87 C:\\Users\\atabr\\Documents\\apps\\akuntansi-koperasi\\vendor\\phpunit\\phpunit\\src\\Framework\\TestCase.php(519): PHPUnit\\Framework\\TestCase->runTest()\n#88 C:\\Users\\atabr\\Documents\\apps\\akuntansi-koperasi\\vendor\\phpunit\\phpunit\\src\\Framework\\TestRunner\\TestRunner.php(99): PHPUnit\\Framework\\TestCase->runBare()\n#89 C:\\Users\\atabr\\Documents\\apps\\akuntansi-koperasi\\vendor\\phpunit\\phpunit\\src\\Framework\\TestCase.php(359): PHPUnit\\Framework\\TestRunner->run(Object(P\\Tests\\Feature\\SavingManagementTest))\n#90 C:\\Users\\atabr\\Documents\\apps\\akuntansi-koperasi\\vendor\\phpunit\\phpunit\\src\\Framework\\TestSuite.php(374): PHPUnit\\Framework\\TestCase->run()\n#91 C:\\Users\\atabr\\Documents\\apps\\akuntansi-koperasi\\vendor\\phpunit\\phpunit\\src\\Framework\\TestSuite.php(374): PHPUnit\\Framework\\TestSuite->run()\n#92 C:\\Users\\atabr\\Documents\\apps\\akuntansi-koperasi\\vendor\\phpunit\\phpunit\\src\\Framework\\TestSuite.php(374): PHPUnit\\Framework\\TestSuite->run()\n#93 C:\\Users\\atabr\\Documents\\apps\\akuntansi-koperasi\\vendor\\phpunit\\phpunit\\src\\TextUI\\TestRunner.php(64): PHPUnit\\Framework\\TestSuite->run()\n#94 C:\\Users\\atabr\\Documents\\apps\\akuntansi-koperasi\\vendor\\phpunit\\phpunit\\src\\TextUI\\Application.php(229): PHPUnit\\TextUI\\TestRunner->run(Object(PHPUnit\\TextUI\\Configuration\\Configuration), Object(PHPUnit\\Runner\\ResultCache\\DefaultResultCache), Object(PHPUnit\\Framework\\TestSuite))\n#95 C:\\Users\\atabr\\Documents\\apps\\akuntansi-koperasi\\vendor\\pestphp\\pest\\src\\Kernel.php(103): PHPUnit\\TextUI\\Application->run(Array)\n#96 C:\\Users\\atabr\\Documents\\apps\\akuntansi-koperasi\\vendor\\pestphp\\pest\\bin\\pest(195): Pest\\Kernel->handle(Array, Array)\n#97 C:\\Users\\atabr\\Documents\\apps\\akuntansi-koperasi\\vendor\\pestphp\\pest\\bin\\pest(203): {closure:C:\\Users\\atabr\\Documents\\apps\\akuntansi-koperasi\\vendor\\pestphp\\pest\\bin\\pest:19}()\n#98 {main}\n\n----------------------------------------------------------------------------------\n\nKode Akun (COA) '2210' tidak ditemukan."}]}
